Archive member included to satisfy reference by file (symbol)

/usr/lib/gcc/arm-none-eabi/13.2.1/../../../arm-none-eabi/lib/thumb/v8-m.main+fp/softfp/libm.a(libm_a-wf_sqrt.o)
                              CMakeFiles/pico_sysmon_device.dir/home/victor/.pico-sdk/sdk/2.2.0/src/rp2_common/pico_float/float_math.c.o (sqrtf)
/usr/lib/gcc/arm-none-eabi/13.2.1/../../../arm-none-eabi/lib/thumb/v8-m.main+fp/softfp/libm.a(libm_a-ef_sqrt.o)
                              /usr/lib/gcc/arm-none-eabi/13.2.1/../../../arm-none-eabi/lib/thumb/v8-m.main+fp/softfp/libm.a(libm_a-wf_sqrt.o) (__ieee754_sqrtf)
/usr/lib/gcc/arm-none-eabi/13.2.1/thumb/v8-m.main+fp/softfp/libgcc.a(_arm_addsubdf3.o)
                              CMakeFiles/pico_sysmon_device.dir/home/victor/.pico-sdk/sdk/2.2.0/src/rp2_common/pico_float/float_math.c.o (__aeabi_f2d)
/usr/lib/gcc/arm-none-eabi/13.2.1/thumb/v8-m.main+fp/softfp/libgcc.a(_aeabi_ldivmod.o)
                              CMakeFiles/pico_sysmon_device.dir/home/victor/.pico-sdk/sdk/2.2.0/src/common/pico_time/time.c.o (__aeabi_ldivmod)
/usr/lib/gcc/arm-none-eabi/13.2.1/thumb/v8-m.main+fp/softfp/libgcc.a(_aeabi_uldivmod.o)
                              CMakeFiles/pico_sysmon_device.dir/home/victor/.pico-sdk/sdk/2.2.0/src/rp2_common/hardware_clocks/clocks.c.o (__aeabi_uldivmod)
/usr/lib/gcc/arm-none-eabi/13.2.1/thumb/v8-m.main+fp/softfp/libgcc.a(_udivmoddi4.o)
                              /usr/lib/gcc/arm-none-eabi/13.2.1/thumb/v8-m.main+fp/softfp/libgcc.a(_aeabi_ldivmod.o) (__udivmoddi4)
/usr/lib/gcc/arm-none-eabi/13.2.1/thumb/v8-m.main+fp/softfp/libgcc.a(_dvmd_tls.o)
                              /usr/lib/gcc/arm-none-eabi/13.2.1/thumb/v8-m.main+fp/softfp/libgcc.a(_aeabi_ldivmod.o) (__aeabi_ldiv0)
/usr/lib/gcc/arm-none-eabi/13.2.1/../../../arm-none-eabi/lib/thumb/v8-m.main+fp/softfp/libg.a(libc_a-memset.o)
                              /usr/lib/gcc/arm-none-eabi/13.2.1/../../../arm-none-eabi/lib/thumb/v8-m.main+fp/softfp/crt0.o (memset)
/usr/lib/gcc/arm-none-eabi/13.2.1/../../../arm-none-eabi/lib/thumb/v8-m.main+fp/softfp/libg.a(libc_a-calloc.o)
                              CMakeFiles/pico_sysmon_device.dir/home/victor/.pico-sdk/sdk/2.2.0/src/rp2_common/pico_malloc/malloc.c.o (calloc)
/usr/lib/gcc/arm-none-eabi/13.2.1/../../../arm-none-eabi/lib/thumb/v8-m.main+fp/softfp/libg.a(libc_a-errno.o)
                              /usr/lib/gcc/arm-none-eabi/13.2.1/../../../arm-none-eabi/lib/thumb/v8-m.main+fp/softfp/libm.a(libm_a-wf_sqrt.o) (__errno)
/usr/lib/gcc/arm-none-eabi/13.2.1/../../../arm-none-eabi/lib/thumb/v8-m.main+fp/softfp/libg.a(libc_a-impure.o)
                              /usr/lib/gcc/arm-none-eabi/13.2.1/../../../arm-none-eabi/lib/thumb/v8-m.main+fp/softfp/libg.a(libc_a-calloc.o) (_impure_ptr)
/usr/lib/gcc/arm-none-eabi/13.2.1/../../../arm-none-eabi/lib/thumb/v8-m.main+fp/softfp/libg.a(libc_a-callocr.o)
                              /usr/lib/gcc/arm-none-eabi/13.2.1/../../../arm-none-eabi/lib/thumb/v8-m.main+fp/softfp/libg.a(libc_a-calloc.o) (_calloc_r)
/usr/lib/gcc/arm-none-eabi/13.2.1/../../../arm-none-eabi/lib/thumb/v8-m.main+fp/softfp/libg.a(libc_a-realloc.o)
                              CMakeFiles/pico_sysmon_device.dir/home/victor/.pico-sdk/sdk/2.2.0/src/rp2_common/pico_malloc/malloc.c.o (realloc)
/usr/lib/gcc/arm-none-eabi/13.2.1/../../../arm-none-eabi/lib/thumb/v8-m.main+fp/softfp/libg.a(libc_a-mallocr.o)
                              /usr/lib/gcc/arm-none-eabi/13.2.1/../../../arm-none-eabi/lib/thumb/v8-m.main+fp/softfp/libg.a(libc_a-callocr.o) (_malloc_r)
/usr/lib/gcc/arm-none-eabi/13.2.1/../../../arm-none-eabi/lib/thumb/v8-m.main+fp/softfp/libg.a(libc_a-freer.o)
                              /usr/lib/gcc/arm-none-eabi/13.2.1/../../../arm-none-eabi/lib/thumb/v8-m.main+fp/softfp/libg.a(libc_a-mallocr.o) (_free_r)
/usr/lib/gcc/arm-none-eabi/13.2.1/../../../arm-none-eabi/lib/thumb/v8-m.main+fp/softfp/libg.a(libc_a-memcmp.o)
                              CMakeFiles/pico_sysmon_device.dir/home/victor/.pico-sdk/sdk/2.2.0/src/rp2_common/pico_atomic/atomic.c.o (memcmp)
/usr/lib/gcc/arm-none-eabi/13.2.1/../../../arm-none-eabi/lib/thumb/v8-m.main+fp/softfp/libg.a(libc_a-malloc.o)
                              CMakeFiles/pico_sysmon_device.dir/home/victor/.pico-sdk/sdk/2.2.0/src/rp2_common/pico_malloc/malloc.c.o (malloc)
/usr/lib/gcc/arm-none-eabi/13.2.1/../../../arm-none-eabi/lib/thumb/v8-m.main+fp/softfp/libg.a(libc_a-memcpy.o)
                              CMakeFiles/pico_sysmon_device.dir/home/victor/.pico-sdk/sdk/2.2.0/src/common/pico_util/queue.c.o (memcpy)
/usr/lib/gcc/arm-none-eabi/13.2.1/../../../arm-none-eabi/lib/thumb/v8-m.main+fp/softfp/libg.a(libc_a-sysconf.o)
                              /usr/lib/gcc/arm-none-eabi/13.2.1/../../../arm-none-eabi/lib/thumb/v8-m.main+fp/softfp/libg.a(libc_a-mallocr.o) (sysconf)
/usr/lib/gcc/arm-none-eabi/13.2.1/../../../arm-none-eabi/lib/thumb/v8-m.main+fp/softfp/libg.a(libc_a-init.o)
[...]
Memory Configuration

Name             Origin             Length             Attributes
FLASH            0x10000000         0x00400000         xr
RAM              0x20000000         0x00080000         xrw
SCRATCH_X        0x20080000         0x00001000         xrw
SCRATCH_Y        0x20081000         0x00001000         xrw
*default*        0x00000000         0xffffffff

Linker script and memory map

LOAD /usr/lib/gcc/arm-none-eabi/13.2.1/thumb/v8-m.main+fp/softfp/crti.o
LOAD /usr/lib/gcc/arm-none-eabi/13.2.1/thumb/v8-m.main+fp/softfp/crtbegin.o
LOAD /usr/lib/gcc/arm-none-eabi/13.2.1/../../../arm-none-eabi/lib/thumb/v8-m.main+fp/softfp/crt0.o

.flash_begin    0x10000000        0x0
                0x10000000                        __flash_binary_start = .

.text           0x10000000     0x3b3c
                0x10000000                        __logical_binary_start = .
 *(.vectors)
 .vectors       0x10000000      0x124 CMakeFiles/pico_sysmon_device.dir/home/victor/.pico-sdk/sdk/2.2.0/src/rp2_common/pico_crt0/crt0.S.o
                0x10000000                __vectors
                0x10000000                __VECTOR_TABLE
                0x10000110                isr_securefault
                0x10000110                isr_irq30
                0x10000110                __unhandled_user_irq
                0x10000110                isr_irq49
                0x10000110                isr_irq13
                0x10000110                isr_irq43
                0x10000110                isr_irq45
                0x10000110                isr_irq27
                0x10000110                isr_irq32
                0x10000110                isr_irq31
                0x10000110                isr_irq5
                0x10000110                isr_irq11
                0x10000110                isr_irq23
                0x10000110                isr_usagefault
                0x10000110                isr_irq48
                0x10000110                isr_irq35
                0x10000110                isr_irq18
                0x10000110                isr_irq50
                0x10000110                isr_irq40
                0x10000110                isr_irq28
                0x10000110                isr_irq19
                0x10000110                isr_irq36
                0x10000110                isr_irq41
                0x10000110                isr_irq0
                0x10000110                isr_irq6
                0x10000110                isr_memmanage
                0x10000110                isr_irq37
                0x10000110                isr_irq42
                0x10000110                isr_irq22
                0x10000110                isr_irq17
                0x10000110                isr_irq38
                0x10000110                isr_irq14
                0x10000110                __vectors_end
                0x10000110                __default_isrs_start
                0x10000110                isr_irq2
                0x10000110                isr_irq10
                0x10000110                isr_irq8
                0x10000110                isr_debugmonitor
                0x10000110                isr_irq24
                0x10000110                isr_irq46
                0x10000110                isr_irq1
                0x10000110                isr_irq47
                0x10000110                isr_irq51
                0x10000110                isr_irq7
                0x10000110                isr_irq21
                0x10000110                isr_irq39
                0x10000110                isr_irq20
                0x10000110                isr_irq15
                0x10000110                isr_irq25
                0x10000110                isr_irq34
                0x10000110                isr_irq4
                0x10000110                isr_busfault
                0x10000110                isr_irq16
                0x10000110                isr_irq44
                0x10000110                isr_irq29
                0x10000110                isr_irq26
                0x10000110                isr_irq33
                0x10000110                isr_irq3
                0x10000110                isr_irq12
                0x10000110                isr_irq9
                0x10000116                unhandled_user_irq_num_in_r0
                0x10000118                isr_invalid
                0x1000011a                isr_nmi
                0x1000011c                isr_hardfault
                0x1000011e                isr_svcall
                0x10000120                isr_pendsv
                0x10000122                isr_systick
                0x10000124                __default_isrs_end
 *(.binary_info_header)
 .binary_info_header
                0x10000124       0x14 CMakeFiles/pico_sysmon_device.dir/home/victor/.pico-sdk/sdk/2.2.0/src/rp2_common/pico_crt0/crt0.S.o
                0x10000138                        __binary_info_header_end = .
 *(.embedded_block)
 .embedded_block
                0x10000138       0x14 CMakeFiles/pico_sysmon_device.dir/home/victor/.pico-sdk/sdk/2.2.0/src/rp2_common/pico_crt0/crt0.S.o
                0x1000014c                        __embedded_block_end = .
 *(.reset)
 .reset         0x1000014c       0x98 CMakeFiles/pico_sysmon_device.dir/home/victor/.pico-sdk/sdk/2.2.0/src/rp2_common/pico_crt0/crt0.S.o
                0x1000014c                _entry_point
 *(.init)
 .init          0x100001e4        0x4 /usr/lib/gcc/arm-none-eabi/13.2.1/thumb/v8-m.main+fp/softfp/crti.o
                0x100001e4                _init
 *libgcc.a:cmse_nonsecure_call.o()
 *(EXCLUDE_FILE(*libm.a: *libc.a:*lib_a-mem*.o *libgcc.a:) .text*)
 .text          0x100001e8       0x8c /usr/lib/gcc/arm-none-eabi/13.2.1/thumb/v8-m.main+fp/softfp/crtbegin.o
 .text.startup.main
                0x10000274       0x50 CMakeFiles/pico_sysmon_device.dir/main.c.o
                0x10000274                main
 .text.tud_descriptor_device_cb
                0x100002c4        0x8 CMakeFiles/pico_sysmon_device.dir/usb_descriptors.c.o
                0x100002c4                tud_descriptor_device_cb
 .text.tud_descriptor_configuration_cb
                0x100002cc        0x8 CMakeFiles/pico_sysmon_device.dir/usb_descriptors.c.o
                0x100002cc                tud_descriptor_configuration_cb
 .text.tud_descriptor_string_cb
                0x100002d4       0x80 CMakeFiles/pico_sysmon_device.dir/usb_descriptors.c.o
                0x100002d4                tud_descriptor_string_cb
 .text.gpio_set_function
                0x10000354       0x3c CMakeFiles/pico_sysmon_device.dir/home/victor/.pico-sdk/sdk/2.2.0/src/rp2_common/hardware_gpio/gpio.c.o
                0x10000354                gpio_set_function
 .text.panic    0x10000390       0x30 CMakeFiles/pico_sysmon_device.dir/home/victor/.pico-sdk/sdk/2.2.0/src/rp2_common/pico_platform_panic/panic.c.o
                0x10000390                panic
 .text.hw_claim_or_assert
                0x100003c0       0x58 CMakeFiles/pico_sysmon_device.dir/home/victor/.pico-sdk/sdk/2.2.0/src/common/hardware_claim/claim.c.o
                0x100003c0                hw_claim_or_assert
 .text.hw_claim_unused_from_range
                0x10000418       0x9c CMakeFiles/pico_sysmon_device.dir/home/victor/.pico-sdk/sdk/2.2.0/src/common/hardware_claim/claim.c.o
                0x10000418                hw_claim_unused_from_range
 .text.next_striped_spin_lock_num
                0x100004b4       0x18 CMakeFiles/pico_sysmon_device.dir/home/victor/.pico-sdk/sdk/2.2.0/src/rp2_common/hardware_sync/sync.c.o
                0x100004b4                next_striped_spin_lock_num
 .text.spin_lock_claim_unused
                0x100004cc       0x20 CMakeFiles/pico_sysmon_device.dir/home/victor/.pico-sdk/sdk/2.2.0/src/rp2_common/hardware_sync/sync.c.o
                0x100004cc                spin_lock_claim_unused
 .text.spinlock_set_extexclall
                0x100004ec       0x10 CMakeFiles/pico_sysmon_device.dir/home/victor/.pico-sdk/sdk/2.2.0/src/rp2_common/hardware_sync_spin_lock/sync_spin_lock.c.o
 .text.spin_locks_reset
                0x100004fc       0x18 CMakeFiles/pico_sysmon_device.dir/home/victor/.pico-sdk/sdk/2.2.0/src/rp2_common/hardware_sync_spin_lock/sync_spin_lock.c.o
                0x100004fc                spin_locks_reset
 .text.runtime_init_per_core_irq_priorities
                0x10000514       0x40 CMakeFiles/pico_sysmon_device.dir/home/victor/.pico-sdk/sdk/2.2.0/src/rp2_common/hardware_irq/irq.c.o
                0x10000514                runtime_init_per_core_irq_priorities
 .text.irq_set_enabled
                0x10000554       0x2c CMakeFiles/pico_sysmon_device.dir/home/victor/.pico-sdk/sdk/2.2.0/src/rp2_common/hardware_irq/irq.c.o
                0x10000554                irq_set_enabled
 .text.irq_set_exclusive_handler
                0x10000580       0x60 CMakeFiles/pico_sysmon_device.dir/home/victor/.pico-sdk/sdk/2.2.0/src/rp2_common/hardware_irq/irq.c.o
                0x10000580                irq_set_exclusive_handler
 .text.irq_add_shared_handler
                0x100005e0      0x1e8 CMakeFiles/pico_sysmon_device.dir/home/victor/.pico-sdk/sdk/2.2.0/src/rp2_common/hardware_irq/irq.c.o
                0x100005e0                irq_add_shared_handler
 .text.irq_remove_handler
                0x100007c8      0x1fc CMakeFiles/pico_sysmon_device.dir/home/victor/.pico-sdk/sdk/2.2.0/src/rp2_common/hardware_irq/irq.c.o
                0x100007c8                irq_remove_handler
 .text.irq_add_tail_to_free_list
                0x100009c4       0xbc CMakeFiles/pico_sysmon_device.dir/home/victor/.pico-sdk/sdk/2.2.0/src/rp2_common/hardware_irq/irq.c.o
                0x100009c4                irq_add_tail_to_free_list
 .text.lock_init
                0x10000a80        0xc CMakeFiles/pico_sysmon_device.dir/home/victor/.pico-sdk/sdk/2.2.0/src/common/pico_sync/lock_core.c.o
                0x10000a80                lock_init
 .text.runtime_init_mutex
                0x10000a8c       0x4c CMakeFiles/pico_sysmon_device.dir/home/victor/.pico-sdk/sdk/2.2.0/src/common/pico_sync/mutex.c.o
                0x10000a8c                runtime_init_mutex
 .text.mutex_init
                0x10000ad8       0x1c CMakeFiles/pico_sysmon_device.dir/home/victor/.pico-sdk/sdk/2.2.0/src/common/pico_sync/mutex.c.o
                0x10000ad8                mutex_init
 .text.critical_section_init
                0x10000af4       0x1c CMakeFiles/pico_sysmon_device.dir/home/victor/.pico-sdk/sdk/2.2.0/src/common/pico_sync/critical_section.c.o
                0x10000af4                critical_section_init
 .text.sleep_until_callback
                0x10000b10       0x3c CMakeFiles/pico_sysmon_device.dir/home/victor/.pico-sdk/sdk/2.2.0/src/common/pico_time/time.c.o
 *fill*         0x10000b4c        0x4 
 .text.alarm_pool_irq_handler
                0x10000b50      0x2f0 CMakeFiles/pico_sysmon_device.dir/home/victor/.pico-sdk/sdk/2.2.0/src/common/pico_time/time.c.o
 .text.runtime_init_default_alarm_pool
                0x10000e40      0x100 CMakeFiles/pico_sysmon_device.dir/home/victor/.pico-sdk/sdk/2.2.0/src/common/pico_time/time.c.o
                0x10000e40                runtime_init_default_alarm_pool
 .text.alarm_pool_add_alarm_at_force_in_context
                0x10000f40       0xc8 CMakeFiles/pico_sysmon_device.dir/home/victor/.pico-sdk/sdk/2.2.0/src/common/pico_time/time.c.o
                0x10000f40                alarm_pool_add_alarm_at_force_in_context
 .text.alarm_pool_cancel_alarm
                0x10001008       0x80 CMakeFiles/pico_sysmon_device.dir/home/victor/.pico-sdk/sdk/2.2.0/src/common/pico_time/time.c.o
                0x10001008                alarm_pool_cancel_alarm
 .text.sleep_until
                0x10001088       0xbc CMakeFiles/pico_sysmon_device.dir/home/victor/.pico-sdk/sdk/2.2.0/src/common/pico_time/time.c.o
                0x10001088                sleep_until
 .text.sleep_ms
                0x10001144       0x2c CMakeFiles/pico_sysmon_device.dir/home/victor/.pico-sdk/sdk/2.2.0/src/common/pico_time/time.c.o
                0x10001144                sleep_ms
 .text.best_effort_wfe_or_timeout
                0x10001170       0xbc CMakeFiles/pico_sysmon_device.dir/home/victor/.pico-sdk/sdk/2.2.0/src/common/pico_time/time.c.o
                0x10001170                best_effort_wfe_or_timeout
 .text.timer_hardware_alarm_claim
                0x1000122c       0x24 CMakeFiles/pico_sysmon_device.dir/home/victor/.pico-sdk/sdk/2.2.0/src/rp2_common/hardware_timer/timer.c.o
                0x1000122c                timer_hardware_alarm_claim
 .text.timer_time_us_64
                0x10001250       0x10 CMakeFiles/pico_sysmon_device.dir/home/victor/.pico-sdk/sdk/2.2.0/src/rp2_common/hardware_timer/timer.c.o
                0x10001250                timer_time_us_64
 .text.time_us_64
                0x10001260       0x14 CMakeFiles/pico_sysmon_device.dir/home/victor/.pico-sdk/sdk/2.2.0/src/rp2_common/hardware_timer/timer.c.o
                0x10001260                time_us_64
 .text.busy_wait_us
                0x10001274       0x64 CMakeFiles/pico_sysmon_device.dir/home/victor/.pico-sdk/sdk/2.2.0/src/rp2_common/hardware_timer/timer.c.o
                0x10001274                busy_wait_us
 .text.busy_wait_until
                0x100012d8       0x24 CMakeFiles/pico_sysmon_device.dir/home/victor/.pico-sdk/sdk/2.2.0/src/rp2_common/hardware_timer/timer.c.o
                0x100012d8                busy_wait_until
 .text.uart_init
                0x100012fc      0x104 CMakeFiles/pico_sysmon_device.dir/home/victor/.pico-sdk/sdk/2.2.0/src/rp2_common/hardware_uart/uart.c.o
                0x100012fc                uart_init
 .text.clock_configure_undivided
                0x10001400       0xd0 CMakeFiles/pico_sysmon_device.dir/home/victor/.pico-sdk/sdk/2.2.0/src/rp2_common/hardware_clocks/clocks.c.o
                0x10001400                clock_configure_undivided
 .text.clock_get_hz
                0x100014d0        0xc CMakeFiles/pico_sysmon_device.dir/home/victor/.pico-sdk/sdk/2.2.0/src/rp2_common/hardware_clocks/clocks.c.o
                0x100014d0                clock_get_hz
 .text.pll_init
                0x100014dc       0x8c CMakeFiles/pico_sysmon_device.dir/home/victor/.pico-sdk/sdk/2.2.0/src/rp2_common/hardware_pll/pll.c.o
                0x100014dc                pll_init
 .text.tick_start
                0x10001568       0x18 CMakeFiles/pico_sysmon_device.dir/home/victor/.pico-sdk/sdk/2.2.0/src/rp2_common/hardware_ticks/ticks.c.o
                0x10001568                tick_start
 .text.rom_func_lookup
                0x10001580       0x18 CMakeFiles/pico_sysmon_device.dir/home/victor/.pico-sdk/sdk/2.2.0/src/rp2_common/pico_bootrom/bootrom.c.o
                0x10001580                rom_func_lookup
 .text.runtime_init_bootrom_locking_enable
                0x10001598       0x14 CMakeFiles/pico_sysmon_device.dir/home/victor/.pico-sdk/sdk/2.2.0/src/rp2_common/pico_bootrom/bootrom_lock.c.o
                0x10001598                runtime_init_bootrom_locking_enable
 .text.runtime_init_boot_locks_reset
                0x100015ac       0x1c CMakeFiles/pico_sysmon_device.dir/home/victor/.pico-sdk/sdk/2.2.0/src/rp2_common/hardware_boot_lock/boot_lock.c.o
                0x100015ac                runtime_init_boot_locks_reset
 .text.xosc_init
                0x100015c8       0x30 CMakeFiles/pico_sysmon_device.dir/home/victor/.pico-sdk/sdk/2.2.0/src/rp2_common/hardware_xosc/xosc.c.o
                0x100015c8                xosc_init
 .text.first_per_core_initializer
                0x100015f8        0x4 CMakeFiles/pico_sysmon_device.dir/home/victor/.pico-sdk/sdk/2.2.0/src/rp2_common/pico_runtime/runtime.c.o
 .text.hard_assertion_failure
                0x100015fc        0xc CMakeFiles/pico_sysmon_device.dir/home/victor/.pico-sdk/sdk/2.2.0/src/rp2_common/pico_runtime/runtime.c.o
                0x100015fc                hard_assertion_failure
 .text.runtime_run_initializers
                0x10001608       0x20 CMakeFiles/pico_sysmon_device.dir/home/victor/.pico-sdk/sdk/2.2.0/src/rp2_common/pico_runtime/runtime.c.o
                0x10001608                runtime_run_initializers
 .text.runtime_init_early_resets
                0x10001628       0x34 CMakeFiles/pico_sysmon_device.dir/home/victor/.pico-sdk/sdk/2.2.0/src/rp2_common/pico_runtime_init/runtime_init.c.o
                0x10001628                runtime_init_early_resets
 .text.runtime_init_usb_power_down
                0x1000165c       0x1c CMakeFiles/pico_sysmon_device.dir/home/victor/.pico-sdk/sdk/2.2.0/src/rp2_common/pico_runtime_init/runtime_init.c.o
                0x1000165c                runtime_init_usb_power_down
 .text.runtime_init_per_core_enable_coprocessors
                0x10001678       0x1c CMakeFiles/pico_sysmon_device.dir/home/victor/.pico-sdk/sdk/2.2.0/src/rp2_common/pico_runtime_init/runtime_init.c.o
                0x10001678                runtime_init_per_core_enable_coprocessors
 .text.runtime_init_post_clock_resets
                0x10001694       0x20 CMakeFiles/pico_sysmon_device.dir/home/victor/.pico-sdk/sdk/2.2.0/src/rp2_common/pico_runtime_init/runtime_init.c.o
                0x10001694                runtime_init_post_clock_resets
 .text.runtime_init_bootrom_reset
                0x100016b4       0x14 CMakeFiles/pico_sysmon_device.dir/home/victor/.pico-sdk/sdk/2.2.0/src/rp2_common/pico_runtime_init/runtime_init.c.o
                0x100016b4                runtime_init_bootrom_reset
 .text.runtime_init_per_core_bootrom_reset
                0x100016c8       0x14 CMakeFiles/pico_sysmon_device.dir/home/victor/.pico-sdk/sdk/2.2.0/src/rp2_common/pico_runtime_init/runtime_init.c.o
                0x100016c8                runtime_init_per_core_bootrom_reset
 .text.runtime_init_spin_locks_reset
                0x100016dc        0x4 CMakeFiles/pico_sysmon_device.dir/home/victor/.pico-sdk/sdk/2.2.0/src/rp2_common/pico_runtime_init/runtime_init.c.o
                0x100016dc                runtime_init_spin_locks_reset
 .text.runtime_init_install_ram_vector_table
                0x100016e0       0x68 CMakeFiles/pico_sysmon_device.dir/home/victor/.pico-sdk/sdk/2.2.0/src/rp2_common/pico_runtime_init/runtime_init.c.o
                0x100016e0                runtime_init_install_ram_vector_table
 .text.runtime_init_clocks
                0x10001748       0xdc CMakeFiles/pico_sysmon_device.dir/home/victor/.pico-sdk/sdk/2.2.0/src/rp2_common/pico_runtime_init/runtime_init_clocks.c.o
                0x10001748                runtime_init_clocks
 .text._out_char
                0x10001824        0x8 CMakeFiles/pico_sysmon_device.dir/home/victor/.pico-sdk/sdk/2.2.0/src/rp2_common/pico_printf/printf.c.o
 .text.weak_raw_vprintf
                0x1000182c       0x30 CMakeFiles/pico_sysmon_device.dir/home/victor/.pico-sdk/sdk/2.2.0/src/rp2_common/pico_printf/printf.c.o
                0x1000182c                weak_raw_vprintf
 .text._exit    0x1000185c        0x4 CMakeFiles/pico_sysmon_device.dir/home/victor/.pico-sdk/sdk/2.2.0/src/rp2_common/pico_clib_interface/newlib_interface.c.o
                0x1000185c                _exit
 .text.exit     0x10001860        0x8 CMakeFiles/pico_sysmon_device.dir/home/victor/.pico-sdk/sdk/2.2.0/src/rp2_common/pico_clib_interface/newlib_interface.c.o
                0x10001860                exit
 .text.runtime_init
                0x10001868       0x24 CMakeFiles/pico_sysmon_device.dir/home/victor/.pico-sdk/sdk/2.2.0/src/rp2_common/pico_clib_interface/newlib_interface.c.o
                0x10001868                runtime_init
 .text.stdio_out_chars_no_crlf
                0x1000188c        0x8 CMakeFiles/pico_sysmon_device.dir/home/victor/.pico-sdk/sdk/2.2.0/src/rp2_common/pico_stdio/stdio.c.o
 .text.stdio_out_chars_crlf
                0x10001894       0xac CMakeFiles/pico_sysmon_device.dir/home/victor/.pico-sdk/sdk/2.2.0/src/rp2_common/pico_stdio/stdio.c.o
 .text.stdio_put_string
                0x10001940       0xf0 CMakeFiles/pico_sysmon_device.dir/home/victor/.pico-sdk/sdk/2.2.0/src/rp2_common/pico_stdio/stdio.c.o
                0x10001940                stdio_put_string
 .text.stdio_set_driver_enabled
                0x10001a30       0x30 CMakeFiles/pico_sysmon_device.dir/home/victor/.pico-sdk/sdk/2.2.0/src/rp2_common/pico_stdio/stdio.c.o
                0x10001a30                stdio_set_driver_enabled
 .text.stdio_init_all
                0x10001a60        0xc CMakeFiles/pico_sysmon_device.dir/home/victor/.pico-sdk/sdk/2.2.0/src/rp2_common/pico_stdio/stdio.c.o
                0x10001a60                stdio_init_all
 .text.__wrap_putchar
                0x10001a6c       0x84 CMakeFiles/pico_sysmon_device.dir/home/victor/.pico-sdk/sdk/2.2.0/src/rp2_common/pico_stdio/stdio.c.o
                0x10001a6c                stdio_putchar
                0x10001a6c                __wrap_putchar
 .text.__wrap_puts
                0x10001af0       0x3c CMakeFiles/pico_sysmon_device.dir/home/victor/.pico-sdk/sdk/2.2.0/src/rp2_common/pico_stdio/stdio.c.o
                0x10001af0                __wrap_puts
                0x10001af0                stdio_puts
 .text.stdio_uart_out_chars
                0x10001b2c       0x50 CMakeFiles/pico_sysmon_device.dir/home/victor/.pico-sdk/sdk/2.2.0/src/rp2_common/pico_stdio_uart/stdio_uart.c.o
 .text.stdio_uart_in_chars
                0x10001b7c       0x94 CMakeFiles/pico_sysmon_device.dir/home/victor/.pico-sdk/sdk/2.2.0/src/rp2_common/pico_stdio_uart/stdio_uart.c.o
                0x10001b7c                stdio_uart_in_chars
 .text.on_uart_rx
                0x10001c10       0x24 CMakeFiles/pico_sysmon_device.dir/home/victor/.pico-sdk/sdk/2.2.0/src/rp2_common/pico_stdio_uart/stdio_uart.c.o
 .text.stdio_uart_out_flush
                0x10001c34       0x10 CMakeFiles/pico_sysmon_device.dir/home/victor/.pico-sdk/sdk/2.2.0/src/rp2_common/pico_stdio_uart/stdio_uart.c.o
 .text.stdio_uart_set_chars_available_callback
                0x10001c44       0x88 CMakeFiles/pico_sysmon_device.dir/home/victor/.pico-sdk/sdk/2.2.0/src/rp2_common/pico_stdio_uart/stdio_uart.c.o
 .text.stdio_uart_init
                0x10001ccc       0x54 CMakeFiles/pico_sysmon_device.dir/home/victor/.pico-sdk/sdk/2.2.0/src/rp2_common/pico_stdio_uart/stdio_uart.c.o
                0x10001ccc                stdio_uart_init
 .text.dcd_init
                0x10001d20       0x90 CMakeFiles/pico_sysmon_device.dir/home/victor/.pico-sdk/sdk/2.2.0/lib/tinyusb/src/portable/raspberrypi/rp2040/dcd_rp2040.c.o
                0x10001d20                dcd_init
 .text.dcd_int_enable
                0x10001db0        0x8 CMakeFiles/pico_sysmon_device.dir/home/victor/.pico-sdk/sdk/2.2.0/lib/tinyusb/src/portable/raspberrypi/rp2040/dcd_rp2040.c.o
                0x10001db0                dcd_int_enable
 .text.dcd_set_address
                0x10001db8       0x10 CMakeFiles/pico_sysmon_device.dir/home/victor/.pico-sdk/sdk/2.2.0/lib/tinyusb/src/portable/raspberrypi/rp2040/dcd_rp2040.c.o
                0x10001db8                dcd_set_address
 .text.dcd_sof_enable
                0x10001dc8       0x1c CMakeFiles/pico_sysmon_device.dir/home/victor/.pico-sdk/sdk/2.2.0/lib/tinyusb/src/portable/raspberrypi/rp2040/dcd_rp2040.c.o
                0x10001dc8                dcd_sof_enable
 .text.dcd_edpt0_status_complete
                0x10001de4       0x1c CMakeFiles/pico_sysmon_device.dir/home/victor/.pico-sdk/sdk/2.2.0/lib/tinyusb/src/portable/raspberrypi/rp2040/dcd_rp2040.c.o
                0x10001de4                dcd_edpt0_status_complete
 .text.dcd_edpt_open
                0x10001e00      0x108 CMakeFiles/pico_sysmon_device.dir/home/victor/.pico-sdk/sdk/2.2.0/lib/tinyusb/src/portable/raspberrypi/rp2040/dcd_rp2040.c.o
                0x10001e00                dcd_edpt_open
 .text.dcd_edpt_close_all
                0x10001f08        0x4 CMakeFiles/pico_sysmon_device.dir/home/victor/.pico-sdk/sdk/2.2.0/lib/tinyusb/src/portable/raspberrypi/rp2040/dcd_rp2040.c.o
                0x10001f08                dcd_edpt_close_all
 .text.dcd_edpt_xfer
                0x10001f0c       0x28 CMakeFiles/pico_sysmon_device.dir/home/victor/.pico-sdk/sdk/2.2.0/lib/tinyusb/src/portable/raspberrypi/rp2040/dcd_rp2040.c.o
                0x10001f0c                dcd_edpt_xfer
 .text.dcd_edpt_stall
                0x10001f34       0x2c CMakeFiles/pico_sysmon_device.dir/home/victor/.pico-sdk/sdk/2.2.0/lib/tinyusb/src/portable/raspberrypi/rp2040/dcd_rp2040.c.o
                0x10001f34                dcd_edpt_stall
 .text.dcd_edpt_clear_stall
                0x10001f60       0x2c CMakeFiles/pico_sysmon_device.dir/home/victor/.pico-sdk/sdk/2.2.0/lib/tinyusb/src/portable/raspberrypi/rp2040/dcd_rp2040.c.o
                0x10001f60                dcd_edpt_clear_stall
 .text.rp2040_usb_init
                0x10001f8c       0x40 CMakeFiles/pico_sysmon_device.dir/home/victor/.pico-sdk/sdk/2.2.0/lib/tinyusb/src/portable/raspberrypi/rp2040/rp2040_usb.c.o
                0x10001f8c                rp2040_usb_init
 .text.hw_endpoint_xfer_start
                0x10001fcc       0x40 CMakeFiles/pico_sysmon_device.dir/home/victor/.pico-sdk/sdk/2.2.0/lib/tinyusb/src/portable/raspberrypi/rp2040/rp2040_usb.c.o
                0x10001fcc                hw_endpoint_xfer_start
 .text.tud_vendor_control_xfer_cb
                0x1000200c        0x4 CMakeFiles/pico_sysmon_device.dir/home/victor/.pico-sdk/sdk/2.2.0/lib/tinyusb/src/device/usbd.c.o
                0x1000200c                tud_vendor_control_xfer_cb
 .text.configuration_reset
                0x10002010       0x8c CMakeFiles/pico_sysmon_device.dir/home/victor/.pico-sdk/sdk/2.2.0/lib/tinyusb/src/device/usbd.c.o
 .text.tud_event_hook_cb
                0x1000209c        0x4 CMakeFiles/pico_sysmon_device.dir/home/victor/.pico-sdk/sdk/2.2.0/lib/tinyusb/src/device/usbd.c.o
                0x1000209c                tud_event_hook_cb
 .text.tud_sof_cb
                0x100020a0        0x4 CMakeFiles/pico_sysmon_device.dir/home/victor/.pico-sdk/sdk/2.2.0/lib/tinyusb/src/device/usbd.c.o
                0x100020a0                tud_sof_cb
 .text.tud_descriptor_bos_cb
                0x100020a4        0x4 CMakeFiles/pico_sysmon_device.dir/home/victor/.pico-sdk/sdk/2.2.0/lib/tinyusb/src/device/usbd.c.o
                0x100020a4                tud_descriptor_bos_cb
 .text.tud_descriptor_device_qualifier_cb
                0x100020a8        0x4 CMakeFiles/pico_sysmon_device.dir/home/victor/.pico-sdk/sdk/2.2.0/lib/tinyusb/src/device/usbd.c.o
                0x100020a8                tud_descriptor_device_qualifier_cb
 .text.tud_descriptor_other_speed_configuration_cb
                0x100020ac        0x4 CMakeFiles/pico_sysmon_device.dir/home/victor/.pico-sdk/sdk/2.2.0/lib/tinyusb/src/device/usbd.c.o
                0x100020ac                tud_descriptor_other_speed_configuration_cb
 .text.tud_mount_cb
                0x100020b0        0x4 CMakeFiles/pico_sysmon_device.dir/home/victor/.pico-sdk/sdk/2.2.0/lib/tinyusb/src/device/usbd.c.o
                0x100020b0                tud_mount_cb
 .text.tud_umount_cb
                0x100020b4        0x4 CMakeFiles/pico_sysmon_device.dir/home/victor/.pico-sdk/sdk/2.2.0/lib/tinyusb/src/device/usbd.c.o
                0x100020b4                tud_umount_cb
 .text.tud_suspend_cb
                0x100020b8        0x4 CMakeFiles/pico_sysmon_device.dir/home/victor/.pico-sdk/sdk/2.2.0/lib/tinyusb/src/device/usbd.c.o
                0x100020b8                tud_suspend_cb
 .text.tud_resume_cb
                0x100020bc        0x4 CMakeFiles/pico_sysmon_device.dir/home/victor/.pico-sdk/sdk/2.2.0/lib/tinyusb/src/device/usbd.c.o
                0x100020bc                tud_resume_cb
 .text.tud_rhport_init
                0x100020c0       0xf8 CMakeFiles/pico_sysmon_device.dir/home/victor/.pico-sdk/sdk/2.2.0/lib/tinyusb/src/device/usbd.c.o
                0x100020c0                tud_rhport_init
 .text.tud_task_ext
                0x100021b8      0x758 CMakeFiles/pico_sysmon_device.dir/home/victor/.pico-sdk/sdk/2.2.0/lib/tinyusb/src/device/usbd.c.o
                0x100021b8                tud_task_ext
 .text.usbd_edpt_open
                0x10002910       0x44 CMakeFiles/pico_sysmon_device.dir/home/victor/.pico-sdk/sdk/2.2.0/lib/tinyusb/src/device/usbd.c.o
                0x10002910                usbd_edpt_open
 .text.usbd_edpt_claim
                0x10002954       0x24 CMakeFiles/pico_sysmon_device.dir/home/victor/.pico-sdk/sdk/2.2.0/lib/tinyusb/src/device/usbd.c.o
                0x10002954                usbd_edpt_claim
 .text.usbd_edpt_release
                0x10002978       0x24 CMakeFiles/pico_sysmon_device.dir/home/victor/.pico-sdk/sdk/2.2.0/lib/tinyusb/src/device/usbd.c.o
                0x10002978                usbd_edpt_release
 .text.usbd_edpt_xfer
                0x1000299c       0x70 CMakeFiles/pico_sysmon_device.dir/home/victor/.pico-sdk/sdk/2.2.0/lib/tinyusb/src/device/usbd.c.o
                0x1000299c                usbd_edpt_xfer
 .text.tud_control_status
                0x10002a0c       0x34 CMakeFiles/pico_sysmon_device.dir/home/victor/.pico-sdk/sdk/2.2.0/lib/tinyusb/src/device/usbd_control.c.o
                0x10002a0c                tud_control_status
 .text.tud_control_xfer
                0x10002a40       0xac CMakeFiles/pico_sysmon_device.dir/home/victor/.pico-sdk/sdk/2.2.0/lib/tinyusb/src/device/usbd_control.c.o
                0x10002a40                tud_control_xfer
 .text.usbd_control_reset
                0x10002aec       0x14 CMakeFiles/pico_sysmon_device.dir/home/victor/.pico-sdk/sdk/2.2.0/lib/tinyusb/src/device/usbd_control.c.o
                0x10002aec                usbd_control_reset
 .text.usbd_control_set_complete_callback
                0x10002b00        0xc CMakeFiles/pico_sysmon_device.dir/home/victor/.pico-sdk/sdk/2.2.0/lib/tinyusb/src/device/usbd_control.c.o
                0x10002b00                usbd_control_set_complete_callback
 .text.usbd_control_set_request
                0x10002b0c       0x1c CMakeFiles/pico_sysmon_device.dir/home/victor/.pico-sdk/sdk/2.2.0/lib/tinyusb/src/device/usbd_control.c.o
                0x10002b0c                usbd_control_set_request
 .text.usbd_control_xfer_cb
                0x10002b28       0xfc CMakeFiles/pico_sysmon_device.dir/home/victor/.pico-sdk/sdk/2.2.0/lib/tinyusb/src/device/usbd_control.c.o
                0x10002b28                usbd_control_xfer_cb
 .text.tud_vendor_n_available
                0x10002c24       0x14 CMakeFiles/pico_sysmon_device.dir/home/victor/.pico-sdk/sdk/2.2.0/lib/tinyusb/src/class/vendor/vendor_device.c.o
                0x10002c24                tud_vendor_n_available
 .text.tud_vendor_n_read
                0x10002c38       0x14 CMakeFiles/pico_sysmon_device.dir/home/victor/.pico-sdk/sdk/2.2.0/lib/tinyusb/src/class/vendor/vendor_device.c.o
                0x10002c38                tud_vendor_n_read
 .text.tud_vendor_n_write
                0x10002c4c       0x18 CMakeFiles/pico_sysmon_device.dir/home/victor/.pico-sdk/sdk/2.2.0/lib/tinyusb/src/class/vendor/vendor_device.c.o
                0x10002c4c                tud_vendor_n_write
 .text.tud_vendor_n_write_flush
                0x10002c64       0x10 CMakeFiles/pico_sysmon_device.dir/home/victor/.pico-sdk/sdk/2.2.0/lib/tinyusb/src/class/vendor/vendor_device.c.o
                0x10002c64                tud_vendor_n_write_flush
 .text.vendord_init
                0x10002c74       0x54 CMakeFiles/pico_sysmon_device.dir/home/victor/.pico-sdk/sdk/2.2.0/lib/tinyusb/src/class/vendor/vendor_device.c.o
                0x10002c74                vendord_init
 .text.vendord_deinit
                0x10002cc8       0x1c CMakeFiles/pico_sysmon_device.dir/home/victor/.pico-sdk/sdk/2.2.0/lib/tinyusb/src/class/vendor/vendor_device.c.o
                0x10002cc8                vendord_deinit
 .text.vendord_reset
                0x10002ce4       0x24 CMakeFiles/pico_sysmon_device.dir/home/victor/.pico-sdk/sdk/2.2.0/lib/tinyusb/src/class/vendor/vendor_device.c.o
                0x10002ce4                vendord_reset
 .text.vendord_open
                0x10002d08      0x104 CMakeFiles/pico_sysmon_device.dir/home/victor/.pico-sdk/sdk/2.2.0/lib/tinyusb/src/class/vendor/vendor_device.c.o
                0x10002d08                vendord_open
 .text.vendord_xfer_cb
                0x10002e0c       0x88 CMakeFiles/pico_sysmon_device.dir/home/victor/.pico-sdk/sdk/2.2.0/lib/tinyusb/src/class/vendor/vendor_device.c.o
                0x10002e0c                vendord_xfer_cb
 .text.tusb_rhport_init
                0x10002e94       0x60 CMakeFiles/pico_sysmon_device.dir/home/victor/.pico-sdk/sdk/2.2.0/lib/tinyusb/src/tusb.c.o
                0x10002e94                tusb_rhport_init
 .text.tu_edpt_claim
                0x10002ef4       0x54 CMakeFiles/pico_sysmon_device.dir/home/victor/.pico-sdk/sdk/2.2.0/lib/tinyusb/src/tusb.c.o
                0x10002ef4                tu_edpt_claim
 .text.tu_edpt_release
                0x10002f48       0x38 CMakeFiles/pico_sysmon_device.dir/home/victor/.pico-sdk/sdk/2.2.0/lib/tinyusb/src/tusb.c.o
                0x10002f48                tu_edpt_release
 .text.tu_edpt_validate
                0x10002f80       0x64 CMakeFiles/pico_sysmon_device.dir/home/victor/.pico-sdk/sdk/2.2.0/lib/tinyusb/src/tusb.c.o
                0x10002f80                tu_edpt_validate
 .text.tu_edpt_bind_driver
                0x10002fe4       0x58 CMakeFiles/pico_sysmon_device.dir/home/victor/.pico-sdk/sdk/2.2.0/lib/tinyusb/src/tusb.c.o
                0x10002fe4                tu_edpt_bind_driver
 .text.tu_edpt_stream_init
                0x1000303c       0x58 CMakeFiles/pico_sysmon_device.dir/home/victor/.pico-sdk/sdk/2.2.0/lib/tinyusb/src/tusb.c.o
                0x1000303c                tu_edpt_stream_init
 .text.tu_edpt_stream_deinit
                0x10003094        0x4 CMakeFiles/pico_sysmon_device.dir/home/victor/.pico-sdk/sdk/2.2.0/lib/tinyusb/src/tusb.c.o
                0x10003094                tu_edpt_stream_deinit
 .text.tu_edpt_stream_write_zlp_if_needed
                0x10003098       0x68 CMakeFiles/pico_sysmon_device.dir/home/victor/.pico-sdk/sdk/2.2.0/lib/tinyusb/src/tusb.c.o
                0x10003098                tu_edpt_stream_write_zlp_if_needed
 .text.tu_edpt_stream_write_xfer
                0x10003100       0x70 CMakeFiles/pico_sysmon_device.dir/home/victor/.pico-sdk/sdk/2.2.0/lib/tinyusb/src/tusb.c.o
                0x10003100                tu_edpt_stream_write_xfer
 .text.tu_edpt_stream_write
                0x10003170       0xa0 CMakeFiles/pico_sysmon_device.dir/home/victor/.pico-sdk/sdk/2.2.0/lib/tinyusb/src/tusb.c.o
                0x10003170                tu_edpt_stream_write
 .text.tu_edpt_stream_read_xfer
                0x10003210       0xd0 CMakeFiles/pico_sysmon_device.dir/home/victor/.pico-sdk/sdk/2.2.0/lib/tinyusb/src/tusb.c.o
                0x10003210                tu_edpt_stream_read_xfer
 .text.tu_edpt_stream_read
                0x100032e0       0xc4 CMakeFiles/pico_sysmon_device.dir/home/victor/.pico-sdk/sdk/2.2.0/lib/tinyusb/src/tusb.c.o
                0x100032e0                tu_edpt_stream_read
 .text.tu_fifo_config
                0x100033a4       0x60 CMakeFiles/pico_sysmon_device.dir/home/victor/.pico-sdk/sdk/2.2.0/lib/tinyusb/src/common/tusb_fifo.c.o
                0x100033a4                tu_fifo_config
 .text.tu_fifo_count
                0x10003404       0x20 CMakeFiles/pico_sysmon_device.dir/home/victor/.pico-sdk/sdk/2.2.0/lib/tinyusb/src/common/tusb_fifo.c.o
                0x10003404                tu_fifo_count
 .text.tu_fifo_remaining
                0x10003424       0x24 CMakeFiles/pico_sysmon_device.dir/home/victor/.pico-sdk/sdk/2.2.0/lib/tinyusb/src/common/tusb_fifo.c.o
                0x10003424                tu_fifo_remaining
 .text.tu_fifo_read
                0x10003448       0x94 CMakeFiles/pico_sysmon_device.dir/home/victor/.pico-sdk/sdk/2.2.0/lib/tinyusb/src/common/tusb_fifo.c.o
                0x10003448                tu_fifo_read
 .text.tu_fifo_read_n
                0x100034dc       0xd8 CMakeFiles/pico_sysmon_device.dir/home/victor/.pico-sdk/sdk/2.2.0/lib/tinyusb/src/common/tusb_fifo.c.o
                0x100034dc                tu_fifo_read_n
 .text.tu_fifo_write
                0x100035b4       0xa0 CMakeFiles/pico_sysmon_device.dir/home/victor/.pico-sdk/sdk/2.2.0/lib/tinyusb/src/common/tusb_fifo.c.o
                0x100035b4                tu_fifo_write
 .text.tu_fifo_write_n
                0x10003654      0x158 CMakeFiles/pico_sysmon_device.dir/home/victor/.pico-sdk/sdk/2.2.0/lib/tinyusb/src/common/tusb_fifo.c.o
                0x10003654                tu_fifo_write_n
 .text.tu_fifo_clear
                0x100037ac       0x38 CMakeFiles/pico_sysmon_device.dir/home/victor/.pico-sdk/sdk/2.2.0/lib/tinyusb/src/common/tusb_fifo.c.o
                0x100037ac                tu_fifo_clear
 .text.startup._retrieve_unique_id_on_boot
                0x100037e4       0x30 CMakeFiles/pico_sysmon_device.dir/home/victor/.pico-sdk/sdk/2.2.0/src/rp2_common/pico_unique_id/unique_id.c.o
 .text          0x10003814       0xa4 /usr/lib/gcc/arm-none-eabi/13.2.1/../../../arm-none-eabi/lib/thumb/v8-m.main+fp/softfp/libg.a(libc_a-memset.o)
                0x10003814                memset
 .text          0x100038b8       0xec /usr/lib/gcc/arm-none-eabi/13.2.1/../../../arm-none-eabi/lib/thumb/v8-m.main+fp/softfp/libg.a(libc_a-memcpy.o)
                0x100038b8                memcpy
 .text          0x100039a4        0xc /usr/lib/gcc/arm-none-eabi/13.2.1/../../../arm-none-eabi/lib/thumb/v8-m.main+fp/softfp/libg.a(libc_a-atexit.o)
                0x100039a4                atexit
 .text          0x100039b0       0x5c /usr/lib/gcc/arm-none-eabi/13.2.1/../../../arm-none-eabi/lib/thumb/v8-m.main+fp/softfp/libg.a(libc_a-strlen-stub.o)
                0x100039b0                strlen
 .text          0x10003a0c       0x28 /usr/lib/gcc/arm-none-eabi/13.2.1/../../../arm-none-eabi/lib/thumb/v8-m.main+fp/softfp/libg.a(libc_a-fini.o)
                0x10003a0c                __libc_fini_array
 .text          0x10003a34       0x64 /usr/lib/gcc/arm-none-eabi/13.2.1/../../../arm-none-eabi/lib/thumb/v8-m.main+fp/softfp/libg.a(libc_a-__atexit.o)
                0x10003a34                __register_exitproc
 .text.startup  0x10003a98       0x14 /usr/lib/gcc/arm-none-eabi/13.2.1/../../../arm-none-eabi/lib/thumb/v8-m.main+fp/softfp/libg.a(libc_a-__call_atexit.o)
 *(.fini)
 .fini          0x10003aac        0x4 /usr/lib/gcc/arm-none-eabi/13.2.1/thumb/v8-m.main+fp/softfp/crti.o
                0x10003aac                _fini
 .fini.__stub   0x10003ab0       0x40 linker stubs
 *crtbegin.o(.ctors)
 *crtbegin?.o(.ctors)
 *(EXCLUDE_FILE(*crtend.o *crtend?.o) .ctors)
 *(SORT_BY_NAME(.ctors.*))
 *(.ctors)
 *crtbegin.o(.dtors)
 *crtbegin?.o(.dtors)
 *(EXCLUDE_FILE(*crtend.o *crtend?.o) .dtors)
 *(SORT_BY_NAME(.dtors.*))
 *(.dtors)
                0x10003af0                        . = ALIGN (0x4)
                0x10003af0                        PROVIDE (__preinit_array_start = .)
 *(SORT_BY_NAME(.preinit_array.*))
 .preinit_array.00050
                0x10003af0        0x4 CMakeFiles/pico_sysmon_device.dir/home/victor/.pico-sdk/sdk/2.2.0/src/rp2_common/pico_runtime_init/runtime_init.c.o
                0x10003af0                __pre_init_runtime_init_bootrom_reset
 .preinit_array.00100
                0x10003af4        0x4 CMakeFiles/pico_sysmon_device.dir/home/victor/.pico-sdk/sdk/2.2.0/src/rp2_common/pico_runtime_init/runtime_init.c.o
                0x10003af4                __pre_init_runtime_init_early_resets
 .preinit_array.00101
                0x10003af8        0x4 CMakeFiles/pico_sysmon_device.dir/home/victor/.pico-sdk/sdk/2.2.0/src/rp2_common/pico_runtime_init/runtime_init.c.o
                0x10003af8                __pre_init_runtime_init_usb_power_down
 .preinit_array.00500
                0x10003afc        0x4 CMakeFiles/pico_sysmon_device.dir/home/victor/.pico-sdk/sdk/2.2.0/src/rp2_common/pico_runtime_init/runtime_init.c.o
                0x10003afc                __pre_init_runtime_init_clocks
 .preinit_array.00600
                0x10003b00        0x4 CMakeFiles/pico_sysmon_device.dir/home/victor/.pico-sdk/sdk/2.2.0/src/rp2_common/pico_runtime_init/runtime_init.c.o
                0x10003b00                __pre_init_runtime_init_post_clock_resets
 .preinit_array.01000
                0x10003b04        0x4 CMakeFiles/pico_sysmon_device.dir/home/victor/.pico-sdk/sdk/2.2.0/src/rp2_common/hardware_boot_lock/boot_lock.c.o
                0x10003b04                __pre_init_runtime_init_boot_locks_reset
 .preinit_array.01000
                0x10003b08        0x4 CMakeFiles/pico_sysmon_device.dir/home/victor/.pico-sdk/sdk/2.2.0/src/rp2_common/pico_runtime_init/runtime_init.c.o
                0x10003b08                __pre_init_runtime_init_spin_locks_reset
 .preinit_array.01010
                0x10003b0c        0x4 CMakeFiles/pico_sysmon_device.dir/home/victor/.pico-sdk/sdk/2.2.0/src/rp2_common/pico_bootrom/bootrom_lock.c.o
                0x10003b0c                __pre_init_runtime_init_bootrom_locking_enable
 .preinit_array.01100
                0x10003b10        0x4 CMakeFiles/pico_sysmon_device.dir/home/victor/.pico-sdk/sdk/2.2.0/src/common/pico_sync/mutex.c.o
                0x10003b10                __pre_init_runtime_init_mutex
 .preinit_array.10080
                0x10003b14        0x4 CMakeFiles/pico_sysmon_device.dir/home/victor/.pico-sdk/sdk/2.2.0/src/rp2_common/pico_runtime_init/runtime_init.c.o
                0x10003b14                __pre_init_runtime_init_install_ram_vector_table
 .preinit_array.11000
                0x10003b18        0x4 CMakeFiles/pico_sysmon_device.dir/home/victor/.pico-sdk/sdk/2.2.0/src/common/pico_time/time.c.o
                0x10003b18                __pre_init_runtime_init_default_alarm_pool
 .preinit_array.YYYYY
                0x10003b1c        0x4 CMakeFiles/pico_sysmon_device.dir/home/victor/.pico-sdk/sdk/2.2.0/src/rp2_common/pico_runtime/runtime.c.o
                0x10003b1c                __pre_init_first_per_core_initializer
 .preinit_array.ZZZZZ.00051
                0x10003b20        0x4 CMakeFiles/pico_sysmon_device.dir/home/victor/.pico-sdk/sdk/2.2.0/src/rp2_common/pico_runtime_init/runtime_init.c.o
                0x10003b20                __pre_init_runtime_init_per_core_bootrom_reset
 .preinit_array.ZZZZZ.00200
                0x10003b24        0x4 CMakeFiles/pico_sysmon_device.dir/home/victor/.pico-sdk/sdk/2.2.0/src/rp2_common/pico_runtime_init/runtime_init.c.o
                0x10003b24                __pre_init_runtime_init_per_core_enable_coprocessors
 .preinit_array.ZZZZZ.01000
                0x10003b28        0x4 CMakeFiles/pico_sysmon_device.dir/home/victor/.pico-sdk/sdk/2.2.0/src/rp2_common/hardware_sync_spin_lock/sync_spin_lock.c.o
                0x10003b28                __pre_init_spinlock_set_extexclall
 .preinit_array.ZZZZZ.01200
                0x10003b2c        0x4 CMakeFiles/pico_sysmon_device.dir/home/victor/.pico-sdk/sdk/2.2.0/src/rp2_common/hardware_irq/irq.c.o
                0x10003b2c                __pre_init_runtime_init_per_core_irq_priorities
 *(.preinit_array)
                0x10003b30                        PROVIDE (__preinit_array_end = .)
                0x10003b30                        . = ALIGN (0x4)
                0x10003b30                        PROVIDE (__init_array_start = .)
 *(SORT_BY_NAME(.init_array.*))
 .init_array.00000
                0x10003b30        0x4 /usr/lib/gcc/arm-none-eabi/13.2.1/../../../arm-none-eabi/lib/thumb/v8-m.main+fp/softfp/libg.a(libc_a-__call_atexit.o)
 .init_array.01000
                0x10003b34        0x4 CMakeFiles/pico_sysmon_device.dir/home/victor/.pico-sdk/sdk/2.2.0/src/rp2_common/pico_unique_id/unique_id.c.o
 *(.init_array)
 .init_array    0x10003b38        0x4 /usr/lib/gcc/arm-none-eabi/13.2.1/thumb/v8-m.main+fp/softfp/crtbegin.o
                0x10003b3c                        PROVIDE (__init_array_end = .)
                0x10003b3c                        . = ALIGN (0x4)
                0x10003b3c                        PROVIDE (__fini_array_start = .)
 *(SORT_BY_NAME(.fini_array.*))
 *(.fini_array)
                0x10003b3c                        PROVIDE (__fini_array_end = .)
 *(.eh_frame*)
 .eh_frame      0x10003b3c        0x0 /usr/lib/gcc/arm-none-eabi/13.2.1/thumb/v8-m.main+fp/softfp/crtbegin.o
                0x10003b3c                        . = ALIGN (0x4)

.glue_7         0x10003b3c        0x0
 .glue_7        0x10003b3c        0x0 linker stubs

.glue_7t        0x10003b3c        0x0
 .glue_7t       0x10003b3c        0x0 linker stubs

.vfp11_veneer   0x10003b3c        0x0
 .vfp11_veneer  0x10003b3c        0x0 linker stubs

.v4_bx          0x10003b3c        0x0
 .v4_bx         0x10003b3c        0x0 linker stubs

.iplt           0x10003b3c        0x0
 .iplt          0x10003b3c        0x0 /usr/lib/gcc/arm-none-eabi/13.2.1/thumb/v8-m.main+fp/softfp/crtbegin.o

.boot2          0x10003b3c        0x0
                0x10003b3c                        __boot2_start__ = .
 *(.boot2)
                0x10003b3c                        __boot2_end__ = .
                0x00000001                        ASSERT (((__boot2_end__ - __boot2_start__) <= 0x100), ERROR: Pico second stage bootloader must be no more than 256 bytes in size)

.rodata         0x10003b3c      0x24c
 *(EXCLUDE_FILE(*libm.a: *libc.a:*lib_a-mem*.o *libgcc.a:) .rodata*)
 .rodata.ack    0x10003b3c        0x4 CMakeFiles/pico_sysmon_device.dir/main.c.o
 .rodata.str1.4
                0x10003b40      0x15c CMakeFiles/pico_sysmon_device.dir/usb_descriptors.c.o
                                 0x25 (size before relaxing)
 .rodata.string_desc_arr
                0x10003c9c       0x10 CMakeFiles/pico_sysmon_device.dir/usb_descriptors.c.o
 .rodata.desc_configuration
                0x10003cac       0x20 CMakeFiles/pico_sysmon_device.dir/usb_descriptors.c.o
                0x10003cac                desc_configuration
 .rodata.desc_device
                0x10003ccc       0x12 CMakeFiles/pico_sysmon_device.dir/usb_descriptors.c.o
                0x10003ccc                desc_device
 .rodata.panic.str1.4
                0x10003cde       0x12 CMakeFiles/pico_sysmon_device.dir/home/victor/.pico-sdk/sdk/2.2.0/src/rp2_common/pico_platform_panic/panic.c.o
 .rodata.spin_lock_claim_unused.str1.4
                0x10003cde       0x1b CMakeFiles/pico_sysmon_device.dir/home/victor/.pico-sdk/sdk/2.2.0/src/rp2_common/hardware_sync/sync.c.o
 .rodata.timer_hardware_alarm_claim.str1.4
                0x10003cde       0x22 CMakeFiles/pico_sysmon_device.dir/home/victor/.pico-sdk/sdk/2.2.0/src/rp2_common/hardware_timer/timer.c.o
 .rodata.hard_assertion_failure.str1.4
                0x10003cde        0xc CMakeFiles/pico_sysmon_device.dir/home/victor/.pico-sdk/sdk/2.2.0/src/rp2_common/pico_runtime/runtime.c.o
 .rodata.str1.4
                0x10003cde       0x48 CMakeFiles/pico_sysmon_device.dir/home/victor/.pico-sdk/sdk/2.2.0/src/rp2_common/pico_standard_binary_info/standard_binary_info.c.o
 *fill*         0x10003cde        0x2 
 .rodata.__bi_84
                0x10003ce0        0xc CMakeFiles/pico_sysmon_device.dir/home/victor/.pico-sdk/sdk/2.2.0/src/rp2_common/pico_standard_binary_info/standard_binary_info.c.o
 .rodata.__bi_78
                0x10003cec        0xc CMakeFiles/pico_sysmon_device.dir/home/victor/.pico-sdk/sdk/2.2.0/src/rp2_common/pico_standard_binary_info/standard_binary_info.c.o
 .rodata.__bi_54
                0x10003cf8        0xc CMakeFiles/pico_sysmon_device.dir/home/victor/.pico-sdk/sdk/2.2.0/src/rp2_common/pico_standard_binary_info/standard_binary_info.c.o
 .rodata.__bi_48
                0x10003d04        0xc CMakeFiles/pico_sysmon_device.dir/home/victor/.pico-sdk/sdk/2.2.0/src/rp2_common/pico_standard_binary_info/standard_binary_info.c.o
 .rodata.__bi_42
                0x10003d10        0xc CMakeFiles/pico_sysmon_device.dir/home/victor/.pico-sdk/sdk/2.2.0/src/rp2_common/pico_standard_binary_info/standard_binary_info.c.o
 .rodata.__bi_34
                0x10003d1c        0xc CMakeFiles/pico_sysmon_device.dir/home/victor/.pico-sdk/sdk/2.2.0/src/rp2_common/pico_standard_binary_info/standard_binary_info.c.o
 .rodata.__bi_26
                0x10003d28        0xc CMakeFiles/pico_sysmon_device.dir/home/victor/.pico-sdk/sdk/2.2.0/src/rp2_common/pico_standard_binary_info/standard_binary_info.c.o
 .rodata.crlf_str.0
                0x10003d34        0x2 CMakeFiles/pico_sysmon_device.dir/home/victor/.pico-sdk/sdk/2.2.0/src/rp2_common/pico_stdio/stdio.c.o
 .rodata.str1.4
                0x10003d36       0x2c CMakeFiles/pico_sysmon_device.dir/home/victor/.pico-sdk/sdk/2.2.0/src/rp2_common/pico_stdio_uart/stdio_uart.c.o
 *fill*         0x10003d36        0x2 
 .rodata.__bi_45.4
                0x10003d38        0xc CMakeFiles/pico_sysmon_device.dir/home/victor/.pico-sdk/sdk/2.2.0/src/rp2_common/pico_stdio_uart/stdio_uart.c.o
 .rodata.__bi_49.5
                0x10003d44        0x8 CMakeFiles/pico_sysmon_device.dir/home/victor/.pico-sdk/sdk/2.2.0/src/rp2_common/pico_stdio_uart/stdio_uart.c.o
 .rodata.__bi_50.6
                0x10003d4c        0x8 CMakeFiles/pico_sysmon_device.dir/home/victor/.pico-sdk/sdk/2.2.0/src/rp2_common/pico_stdio_uart/stdio_uart.c.o
 .rodata.str1.4
                0x10003d54       0x14 CMakeFiles/pico_sysmon_device.dir/home/victor/.pico-sdk/sdk/2.2.0/lib/tinyusb/src/portable/raspberrypi/rp2040/dcd_rp2040.c.o
 .rodata.str1.4
                0x10003d54       0x48 CMakeFiles/pico_sysmon_device.dir/home/victor/.pico-sdk/sdk/2.2.0/lib/tinyusb/src/portable/raspberrypi/rp2040/rp2040_usb.c.o
 .rodata._usbd_driver
                0x10003d54       0x20 CMakeFiles/pico_sysmon_device.dir/home/victor/.pico-sdk/sdk/2.2.0/lib/tinyusb/src/device/usbd.c.o
 .rodata.str1.4
                0x10003d74        0x4 CMakeFiles/pico_sysmon_device.dir/home/victor/.pico-sdk/sdk/2.2.0/lib/tinyusb/hw/bsp/rp2040/family.c.o
 .rodata.__bi_153.0
                0x10003d74        0xc CMakeFiles/pico_sysmon_device.dir/home/victor/.pico-sdk/sdk/2.2.0/lib/tinyusb/hw/bsp/rp2040/family.c.o
 .rodata.__bi_163.1
                0x10003d80        0x8 CMakeFiles/pico_sysmon_device.dir/home/victor/.pico-sdk/sdk/2.2.0/lib/tinyusb/hw/bsp/rp2040/family.c.o
 *(.srodata*)
                0x10003d9c                        . = ALIGN (0x4)
 *(SORT_BY_ALIGNMENT(SORT_BY_NAME(.flashdata*)))
                0x10003d9c                        . = ALIGN (0x4)

.ARM.extab
 *(.ARM.extab* .gnu.linkonce.armextab.*)
                0x10003d88                        __exidx_start = .

.ARM.exidx      0x10003d88        0x8
 *(.ARM.exidx* .gnu.linkonce.armexidx.*)
 .ARM.exidx     0x10003d88        0x8 /usr/lib/gcc/arm-none-eabi/13.2.1/../../../arm-none-eabi/lib/thumb/v8-m.main+fp/softfp/libg.a(libc_a-memcpy.o)
                0x10003d90                        __exidx_end = .
                0x10003d90                        . = ALIGN (0x4)
                0x10003d90                        __binary_info_start = .

.binary_info    0x10003d90       0x30
 *(.binary_info.keep.*)
 .binary_info.keep.__bi_ptr84
                0x10003d90        0x4 CMakeFiles/pico_sysmon_device.dir/home/victor/.pico-sdk/sdk/2.2.0/src/rp2_common/pico_standard_binary_info/standard_binary_info.c.o
 .binary_info.keep.__bi_ptr78
                0x10003d94        0x4 CMakeFiles/pico_sysmon_device.dir/home/victor/.pico-sdk/sdk/2.2.0/src/rp2_common/pico_standard_binary_info/standard_binary_info.c.o
 .binary_info.keep.__bi_ptr54
                0x10003d98        0x4 CMakeFiles/pico_sysmon_device.dir/home/victor/.pico-sdk/sdk/2.2.0/src/rp2_common/pico_standard_binary_info/standard_binary_info.c.o
 .binary_info.keep.__bi_ptr48
                0x10003d9c        0x4 CMakeFiles/pico_sysmon_device.dir/home/victor/.pico-sdk/sdk/2.2.0/src/rp2_common/pico_standard_binary_info/standard_binary_info.c.o
 .binary_info.keep.__bi_ptr42
                0x10003da0        0x4 CMakeFiles/pico_sysmon_device.dir/home/victor/.pico-sdk/sdk/2.2.0/src/rp2_common/pico_standard_binary_info/standard_binary_info.c.o
 .binary_info.keep.__bi_ptr34
                0x10003da4        0x4 CMakeFiles/pico_sysmon_device.dir/home/victor/.pico-sdk/sdk/2.2.0/src/rp2_common/pico_standard_binary_info/standard_binary_info.c.o
 .binary_info.keep.__bi_ptr26
                0x10003da8        0x4 CMakeFiles/pico_sysmon_device.dir/home/victor/.pico-sdk/sdk/2.2.0/src/rp2_common/pico_standard_binary_info/standard_binary_info.c.o
 .binary_info.keep.__bi_ptr163
                0x10003dac        0x4 CMakeFiles/pico_sysmon_device.dir/home/victor/.pico-sdk/sdk/2.2.0/lib/tinyusb/hw/bsp/rp2040/family.c.o
 .binary_info.keep.__bi_ptr153
                0x10003db0        0x4 CMakeFiles/pico_sysmon_device.dir/home/victor/.pico-sdk/sdk/2.2.0/lib/tinyusb/hw/bsp/rp2040/family.c.o
 *(.binary_info.*)
 .binary_info.__bi_ptr50
                0x10003db4        0x4 CMakeFiles/pico_sysmon_device.dir/home/victor/.pico-sdk/sdk/2.2.0/src/rp2_common/pico_stdio_uart/stdio_uart.c.o
 .binary_info.__bi_ptr49
                0x10003db8        0x4 CMakeFiles/pico_sysmon_device.dir/home/victor/.pico-sdk/sdk/2.2.0/src/rp2_common/pico_stdio_uart/stdio_uart.c.o
 .binary_info.__bi_ptr45
                0x10003dbc        0x4 CMakeFiles/pico_sysmon_device.dir/home/victor/.pico-sdk/sdk/2.2.0/src/rp2_common/pico_stdio_uart/stdio_uart.c.o
                0x10003dc0                        __binary_info_end = .
                0x10003dc0                        . = ALIGN (0x4)

.ram_vector_table
                0x20000000      0x110
 *(.ram_vector_table)
 .ram_vector_table
                0x20000000      0x110 CMakeFiles/pico_sysmon_device.dir/home/victor/.pico-sdk/sdk/2.2.0/src/rp2_common/pico_runtime_init/runtime_init.c.o
                0x20000000                ram_vector_table

.uninitialized_data
                0x20000110        0x0
                0x20000110                        . = ALIGN (0x4)
 *(.uninitialized_data*)

.data           0x20000110      0xd3c load address 0x10003dc0
                0x20000110                        __data_start__ = .
 *(vtable)
 *(.time_critical*)
 .time_critical.mutex_enter_block_until
                0x20000110       0x70 CMakeFiles/pico_sysmon_device.dir/home/victor/.pico-sdk/sdk/2.2.0/src/common/pico_sync/mutex.c.o
                0x20000110                mutex_enter_block_until
 .time_critical.mutex_try_enter_block_until
                0x20000180       0x6c CMakeFiles/pico_sysmon_device.dir/home/victor/.pico-sdk/sdk/2.2.0/src/common/pico_sync/mutex.c.o
                0x20000180                mutex_try_enter_block_until
 .time_critical.mutex_enter_timeout_ms
                0x200001ec       0x38 CMakeFiles/pico_sysmon_device.dir/home/victor/.pico-sdk/sdk/2.2.0/src/common/pico_sync/mutex.c.o
                0x200001ec                mutex_enter_timeout_ms
 .time_critical.mutex_exit
                0x20000224       0x3c CMakeFiles/pico_sysmon_device.dir/home/victor/.pico-sdk/sdk/2.2.0/src/common/pico_sync/mutex.c.o
                0x20000224                mutex_exit
 .time_critical.reset_non_control_endpoints
                0x20000260       0x64 CMakeFiles/pico_sysmon_device.dir/home/victor/.pico-sdk/sdk/2.2.0/lib/tinyusb/src/portable/raspberrypi/rp2040/dcd_rp2040.c.o
 .time_critical.hw_handle_buff_status
                0x200002c4       0x94 CMakeFiles/pico_sysmon_device.dir/home/victor/.pico-sdk/sdk/2.2.0/lib/tinyusb/src/portable/raspberrypi/rp2040/dcd_rp2040.c.o
 .time_critical.dcd_rp2040_irq
                0x20000358      0x510 CMakeFiles/pico_sysmon_device.dir/home/victor/.pico-sdk/sdk/2.2.0/lib/tinyusb/src/portable/raspberrypi/rp2040/dcd_rp2040.c.o
 .time_critical.prepare_ep_buffer
                0x20000868       0xd0 CMakeFiles/pico_sysmon_device.dir/home/victor/.pico-sdk/sdk/2.2.0/lib/tinyusb/src/portable/raspberrypi/rp2040/rp2040_usb.c.o
 .time_critical.sync_ep_buffer
                0x20000938       0xb8 CMakeFiles/pico_sysmon_device.dir/home/victor/.pico-sdk/sdk/2.2.0/lib/tinyusb/src/portable/raspberrypi/rp2040/rp2040_usb.c.o
 .time_critical._hw_endpoint_xfer_sync
                0x200009f0       0x2c CMakeFiles/pico_sysmon_device.dir/home/victor/.pico-sdk/sdk/2.2.0/lib/tinyusb/src/portable/raspberrypi/rp2040/rp2040_usb.c.o
 .time_critical.e15_is_bulkin_ep
                0x20000a1c       0x28 CMakeFiles/pico_sysmon_device.dir/home/victor/.pico-sdk/sdk/2.2.0/lib/tinyusb/src/portable/raspberrypi/rp2040/rp2040_usb.c.o
 .time_critical.e15_is_critical_frame_period
                0x20000a44       0x28 CMakeFiles/pico_sysmon_device.dir/home/victor/.pico-sdk/sdk/2.2.0/lib/tinyusb/src/portable/raspberrypi/rp2040/rp2040_usb.c.o
 .time_critical.hw_endpoint_reset_transfer
                0x20000a6c        0xc CMakeFiles/pico_sysmon_device.dir/home/victor/.pico-sdk/sdk/2.2.0/lib/tinyusb/src/portable/raspberrypi/rp2040/rp2040_usb.c.o
                0x20000a6c                hw_endpoint_reset_transfer
 .time_critical._hw_endpoint_buffer_control_update32
                0x20000a78       0x44 CMakeFiles/pico_sysmon_device.dir/home/victor/.pico-sdk/sdk/2.2.0/lib/tinyusb/src/portable/raspberrypi/rp2040/rp2040_usb.c.o
                0x20000a78                _hw_endpoint_buffer_control_update32
 .time_critical.hw_endpoint_start_next_buffer
                0x20000abc       0x64 CMakeFiles/pico_sysmon_device.dir/home/victor/.pico-sdk/sdk/2.2.0/lib/tinyusb/src/portable/raspberrypi/rp2040/rp2040_usb.c.o
                0x20000abc                hw_endpoint_start_next_buffer
 .time_critical.hw_endpoint_xfer_continue
                0x20000b20       0x3c CMakeFiles/pico_sysmon_device.dir/home/victor/.pico-sdk/sdk/2.2.0/lib/tinyusb/src/portable/raspberrypi/rp2040/rp2040_usb.c.o
                0x20000b20                hw_endpoint_xfer_continue
 .time_critical.tinyusb
                0x20000b5c      0x218 CMakeFiles/pico_sysmon_device.dir/home/victor/.pico-sdk/sdk/2.2.0/lib/tinyusb/src/device/usbd.c.o
                0x20000b5c                dcd_event_handler
 *fill*         0x20000d74        0x4 
 .time_critical.tinyusb.__stub
                0x20000d78       0x30 linker stubs
 *(.text*)
                0x20000da8                        . = ALIGN (0x4)
 *(.rodata*)
                0x20000da8                        . = ALIGN (0x4)
 *(.data*)
 .data.striped_spin_lock_num
                0x20000da8        0x1 CMakeFiles/pico_sysmon_device.dir/home/victor/.pico-sdk/sdk/2.2.0/src/rp2_common/hardware_sync/sync.c.o
 *fill*         0x20000da9        0x3 
 .data          0x20000dac       0x48 CMakeFiles/pico_sysmon_device.dir/home/victor/.pico-sdk/sdk/2.2.0/src/rp2_common/hardware_irq/irq_handler_chain.S.o
                0x20000dac                irq_handler_chain_slots
                0x20000ddc                irq_handler_chain_first_slot
                0x20000de6                irq_handler_chain_remove_tail
 .data.default_alarm_pool
                0x20000df4       0x18 CMakeFiles/pico_sysmon_device.dir/home/victor/.pico-sdk/sdk/2.2.0/src/common/pico_time/time.c.o
 .data.stdio_uart
                0x20000e0c       0x18 CMakeFiles/pico_sysmon_device.dir/home/victor/.pico-sdk/sdk/2.2.0/src/rp2_common/pico_stdio_uart/stdio_uart.c.o
                0x20000e0c                stdio_uart
 .data._usbd_qdef
                0x20000e24       0x1c CMakeFiles/pico_sysmon_device.dir/home/victor/.pico-sdk/sdk/2.2.0/lib/tinyusb/src/device/usbd.c.o
                0x20000e24                _usbd_qdef
 .data._usbd_rhport
                0x20000e40        0x1 CMakeFiles/pico_sysmon_device.dir/home/victor/.pico-sdk/sdk/2.2.0/lib/tinyusb/src/device/usbd.c.o
 *(.sdata*)
                0x20000e44                        . = ALIGN (0x4)
 *fill*         0x20000e41        0x3 
 *(.after_data.*)
                0x20000e44                        . = ALIGN (0x4)
                0x20000e44                        PROVIDE (__mutex_array_start = .)
 *(SORT_BY_NAME(.mutex_array.*))
 *(.mutex_array)
 .mutex_array   0x20000e44        0x8 CMakeFiles/pico_sysmon_device.dir/home/victor/.pico-sdk/sdk/2.2.0/src/rp2_common/pico_stdio/stdio.c.o
                0x20000e4c                        PROVIDE (__mutex_array_end = .)
 *(.jcr)
                0x20000e4c                        . = ALIGN (0x4)

.tm_clone_table
                0x20000e4c        0x0 load address 0x10004afc
 .tm_clone_table
                0x20000e4c        0x0 /usr/lib/gcc/arm-none-eabi/13.2.1/thumb/v8-m.main+fp/softfp/crtbegin.o
 .tm_clone_table
                0x20000e4c        0x0 /usr/lib/gcc/arm-none-eabi/13.2.1/thumb/v8-m.main+fp/softfp/crtend.o

.igot.plt       0x20000e4c        0x0 load address 0x10004afc
 .igot.plt      0x20000e4c        0x0 /usr/lib/gcc/arm-none-eabi/13.2.1/thumb/v8-m.main+fp/softfp/crtbegin.o

.tdata          0x20000e4c        0x0 load address 0x10004afc
                0x20000e4c                        . = ALIGN (0x4)
 *(.tdata .tdata.* .gnu.linkonce.td.*)
                0x20000e4c                        __tdata_end = .
                0x20000e4c                        PROVIDE (__data_end__ = .)
                0x10003dc0                        __etext = LOADADDR (.data)

.tbss           0x20000e4c        0x0 load address 0x10004afc
                0x20000e4c                        . = ALIGN (0x4)
                0x20000e4c                        __bss_start__ = .
                0x20000e4c                        __tls_base = .
 *(.tbss .tbss.* .gnu.linkonce.tb.*)
 *(.tcommon)
                0x20000e4c                        __tls_end = .

.bss            0x20000e50      0xb20 load address 0x10004afc
                0x20000e50                        . = ALIGN (0x4)
                0x20000e50                        __tbss_end = .
 *(SORT_BY_ALIGNMENT(SORT_BY_NAME(.bss*)))
 .bss.default_alarm_pool_entries
                0x20000e50      0x180 CMakeFiles/pico_sysmon_device.dir/home/victor/.pico-sdk/sdk/2.2.0/src/common/pico_time/time.c.o
 .bss           0x20000fd0       0x1c /usr/lib/gcc/arm-none-eabi/13.2.1/thumb/v8-m.main+fp/softfp/crtbegin.o
 .bss           0x20000fec      0x190 /usr/lib/gcc/arm-none-eabi/13.2.1/../../../arm-none-eabi/lib/thumb/v8-m.main+fp/softfp/libg.a(libc_a-__atexit.o)
                0x20000fec                __atexit0
 .bss           0x2000117c        0x4 /usr/lib/gcc/arm-none-eabi/13.2.1/../../../arm-none-eabi/lib/thumb/v8-m.main+fp/softfp/libg.a(libc_a-__call_atexit.o)
                0x2000117c                __atexit
 .bss._app_driver
                0x20001180        0x4 CMakeFiles/pico_sysmon_device.dir/home/victor/.pico-sdk/sdk/2.2.0/lib/tinyusb/src/device/usbd.c.o
 .bss._ctrl_epbuf
                0x20001184       0x40 CMakeFiles/pico_sysmon_device.dir/home/victor/.pico-sdk/sdk/2.2.0/lib/tinyusb/src/device/usbd_control.c.o
 .bss._ctrl_xfer
                0x200011c4       0x14 CMakeFiles/pico_sysmon_device.dir/home/victor/.pico-sdk/sdk/2.2.0/lib/tinyusb/src/device/usbd_control.c.o
 .bss._desc_str
                0x200011d8       0x40 CMakeFiles/pico_sysmon_device.dir/usb_descriptors.c.o
 .bss._sw_spin_locks
                0x20001218       0x20 CMakeFiles/pico_sysmon_device.dir/home/victor/.pico-sdk/sdk/2.2.0/src/rp2_common/hardware_sync_spin_lock/sync_spin_lock.c.o
                0x20001218                _sw_spin_locks
 .bss._tusb_rhport_role
                0x20001238        0x2 CMakeFiles/pico_sysmon_device.dir/home/victor/.pico-sdk/sdk/2.2.0/lib/tinyusb/src/tusb.c.o
                0x20001238                _tusb_rhport_role
 *fill*         0x2000123a        0x2 
 .bss._ubsd_mutexdef
                0x2000123c        0x8 CMakeFiles/pico_sysmon_device.dir/home/victor/.pico-sdk/sdk/2.2.0/lib/tinyusb/src/device/usbd.c.o
 .bss._usbd_dev
                0x20001244       0x54 CMakeFiles/pico_sysmon_device.dir/home/victor/.pico-sdk/sdk/2.2.0/lib/tinyusb/src/device/usbd.c.o
 .bss._usbd_mutex
                0x20001298        0x4 CMakeFiles/pico_sysmon_device.dir/home/victor/.pico-sdk/sdk/2.2.0/lib/tinyusb/src/device/usbd.c.o
 .bss._usbd_q   0x2000129c        0x4 CMakeFiles/pico_sysmon_device.dir/home/victor/.pico-sdk/sdk/2.2.0/lib/tinyusb/src/device/usbd.c.o
 .bss._usbd_qdef_buf
                0x200012a0       0xc0 CMakeFiles/pico_sysmon_device.dir/home/victor/.pico-sdk/sdk/2.2.0/lib/tinyusb/src/device/usbd.c.o
                0x200012a0                _usbd_qdef_buf
 .bss._vendord_epbuf
                0x20001360       0x80 CMakeFiles/pico_sysmon_device.dir/home/victor/.pico-sdk/sdk/2.2.0/lib/tinyusb/src/class/vendor/vendor_device.c.o
 .bss._vendord_itf
                0x200013e0       0xcc CMakeFiles/pico_sysmon_device.dir/home/victor/.pico-sdk/sdk/2.2.0/lib/tinyusb/src/class/vendor/vendor_device.c.o
 .bss.chars_available_callback
                0x200014ac        0x4 CMakeFiles/pico_sysmon_device.dir/home/victor/.pico-sdk/sdk/2.2.0/src/rp2_common/pico_stdio_uart/stdio_uart.c.o
 .bss.chars_available_param
                0x200014b0        0x4 CMakeFiles/pico_sysmon_device.dir/home/victor/.pico-sdk/sdk/2.2.0/src/rp2_common/pico_stdio_uart/stdio_uart.c.o
 .bss.claimed   0x200014b4        0x4 CMakeFiles/pico_sysmon_device.dir/home/victor/.pico-sdk/sdk/2.2.0/src/rp2_common/hardware_sync/sync.c.o
 .bss.claimed   0x200014b8        0x2 CMakeFiles/pico_sysmon_device.dir/home/victor/.pico-sdk/sdk/2.2.0/src/rp2_common/hardware_timer/timer.c.o
 *fill*         0x200014ba        0x2 
 .bss.configured_freq
                0x200014bc       0x28 CMakeFiles/pico_sysmon_device.dir/home/victor/.pico-sdk/sdk/2.2.0/src/rp2_common/hardware_clocks/clocks.c.o
 .bss.drivers   0x200014e4        0x4 CMakeFiles/pico_sysmon_device.dir/home/victor/.pico-sdk/sdk/2.2.0/src/rp2_common/pico_stdio/stdio.c.o
 .bss.e15_last_sof
                0x200014e8        0x4 CMakeFiles/pico_sysmon_device.dir/home/victor/.pico-sdk/sdk/2.2.0/lib/tinyusb/src/portable/raspberrypi/rp2040/rp2040_usb.c.o
                0x200014e8                e15_last_sof
 .bss.filter    0x200014ec        0x4 CMakeFiles/pico_sysmon_device.dir/home/victor/.pico-sdk/sdk/2.2.0/src/rp2_common/pico_stdio/stdio.c.o
 .bss.hw_endpoints
                0x200014f0      0x400 CMakeFiles/pico_sysmon_device.dir/home/victor/.pico-sdk/sdk/2.2.0/lib/tinyusb/src/portable/raspberrypi/rp2040/dcd_rp2040.c.o
 .bss.lazy_vsnprintf
                0x200018f0        0x4 CMakeFiles/pico_sysmon_device.dir/home/victor/.pico-sdk/sdk/2.2.0/src/rp2_common/pico_printf/printf.c.o
 .bss.next_buffer_ptr
                0x200018f4        0x4 CMakeFiles/pico_sysmon_device.dir/home/victor/.pico-sdk/sdk/2.2.0/lib/tinyusb/src/portable/raspberrypi/rp2040/dcd_rp2040.c.o
 .bss.pools     0x200018f8       0x20 CMakeFiles/pico_sysmon_device.dir/home/victor/.pico-sdk/sdk/2.2.0/src/common/pico_time/time.c.o
 .bss.retrieved_id
                0x20001918        0x8 CMakeFiles/pico_sysmon_device.dir/home/victor/.pico-sdk/sdk/2.2.0/src/rp2_common/pico_unique_id/unique_id.c.o
 .bss.rx        0x20001920       0x40 CMakeFiles/pico_sysmon_device.dir/main.c.o
 .bss.sleep_notifier
                0x20001960        0x4 CMakeFiles/pico_sysmon_device.dir/home/victor/.pico-sdk/sdk/2.2.0/src/common/pico_time/time.c.o
 .bss.uart_char_to_line_feed
                0x20001964        0x4 CMakeFiles/pico_sysmon_device.dir/home/victor/.pico-sdk/sdk/2.2.0/src/rp2_common/hardware_uart/uart.c.o
                0x20001964                uart_char_to_line_feed
 .bss.uart_instance
                0x20001968        0x4 CMakeFiles/pico_sysmon_device.dir/home/victor/.pico-sdk/sdk/2.2.0/src/rp2_common/pico_stdio_uart/stdio_uart.c.o
 .bss._app_driver_count
                0x2000196c        0x1 CMakeFiles/pico_sysmon_device.dir/home/victor/.pico-sdk/sdk/2.2.0/lib/tinyusb/src/device/usbd.c.o
 .bss._sof_enable
                0x2000196d        0x1 CMakeFiles/pico_sysmon_device.dir/home/victor/.pico-sdk/sdk/2.2.0/lib/tinyusb/src/portable/raspberrypi/rp2040/dcd_rp2040.c.o
 .bss._usbd_queued_setup
                0x2000196e        0x1 CMakeFiles/pico_sysmon_device.dir/home/victor/.pico-sdk/sdk/2.2.0/lib/tinyusb/src/device/usbd.c.o
 .bss.irq_handler_chain_free_slot_head
                0x2000196f        0x1 CMakeFiles/pico_sysmon_device.dir/home/victor/.pico-sdk/sdk/2.2.0/src/rp2_common/hardware_irq/irq.c.o
 *(COMMON)
                [!provide]                        PROVIDE (__global_pointer$ = (. + 0x800))
 *(.sbss*)
                0x20001970                        . = ALIGN (0x4)
                0x20001970                        __bss_end__ = .

.heap           0x20001970      0x800 load address 0x10004afc
                0x20001970                        __end__ = .
                0x20001970                        end = __end__
 *(.heap*)
 .heap          0x20001970      0x800 CMakeFiles/pico_sysmon_device.dir/home/victor/.pico-sdk/sdk/2.2.0/src/rp2_common/pico_crt0/crt0.S.o
                0x20080000                        __HeapLimit = (ORIGIN (RAM) + LENGTH (RAM))

.scratch_x      0x20080000        0x0 load address 0x10004afc
                0x20080000                        __scratch_x_start__ = .
 *(.scratch_x.*)
                0x20080000                        . = ALIGN (0x4)
                0x20080000                        __scratch_x_end__ = .
                0x10004afc                        __scratch_x_source__ = LOADADDR (.scratch_x)

.scratch_y      0x20081000        0x0 load address 0x10004afc
                0x20081000                        __scratch_y_start__ = .
 *(.scratch_y.*)
                0x20081000                        . = ALIGN (0x4)
                0x20081000                        __scratch_y_end__ = .
                0x10004afc                        __scratch_y_source__ = LOADADDR (.scratch_y)

.stack1_dummy
 *(.stack1*)

.stack_dummy    0x20081000      0x800
 *(.stack*)
 .stack         0x20081000      0x800 CMakeFiles/pico_sysmon_device.dir/home/victor/.pico-sdk/sdk/2.2.0/src/rp2_common/pico_crt0/crt0.S.o

.flash_end      0x10004afc       0x14
 *(.embedded_end_block*)
 .embedded_end_block
                0x10004afc       0x14 CMakeFiles/pico_sysmon_device.dir/home/victor/.pico-sdk/sdk/2.2.0/src/rp2_common/pico_crt0/crt0.S.o
                0x10004b10                        PROVIDE (__flash_binary_end = .)
                0x20080000                        __StackLimit = (ORIGIN (RAM) + LENGTH (RAM))
                0x20081000                        __StackOneTop = (ORIGIN (SCRATCH_X) + LENGTH (SCRATCH_X))
                0x20082000                        __StackTop = (ORIGIN (SCRATCH_Y) + LENGTH (SCRATCH_Y))
                0x20081000                        __StackOneBottom = (__StackOneTop - SIZEOF (.stack1_dummy))
                0x20081800                        __StackBottom = (__StackTop - SIZEOF (.stack_dummy))
                0x20082000                        PROVIDE (__stack = __StackTop)
                [!provide]                        PROVIDE (__heap_start = __end__)
                [!provide]                        PROVIDE (__heap_end = __HeapLimit)
                [!provide]                        PROVIDE (__tls_align = MAX (ALIGNOF (.tdata), ALIGNOF (.tbss)))
                [!provide]                        PROVIDE (__tls_size_align = (((__tls_size + __tls_align) - 0x1) & ~ ((__tls_align - 0x1))))
                [!provide]                        PROVIDE (__arm32_tls_tcb_offset = MAX (0x8, __tls_align))
                [!provide]                        PROVIDE (_end = __end__)
                [!provide]                        PROVIDE (__llvm_libc_heap_limit = __HeapLimit)
                0x00000001                        ASSERT ((__StackLimit >= __HeapLimit), region RAM overflowed)
                0x00000001                        ASSERT (((__binary_info_header_end - __logical_binary_start) <= 0x400), Binary info must be in first 1024 bytes of the binary)
                0x00000001                        ASSERT (((__embedded_block_end - __logical_binary_start) <= 0x1000), Embedded block must be in first 4096 bytes of the binary)
LOAD CMakeFiles/pico_sysmon_device.dir/main.c.o
LOAD CMakeFiles/pico_sysmon_device.dir/usb_descriptors.c.o
LOAD CMakeFiles/pico_sysmon_device.dir/home/victor/.pico-sdk/sdk/2.2.0/src/rp2_common/pico_stdlib/stdlib.c.o
LOAD CMakeFiles/pico_sysmon_device.dir/home/victor/.pico-sdk/sdk/2.2.0/src/rp2_common/hardware_gpio/gpio.c.o
LOAD CMakeFiles/pico_sysmon_device.dir/home/victor/.pico-sdk/sdk/2.2.0/src/rp2350/pico_platform/platform.c.o
LOAD CMakeFiles/pico_sysmon_device.dir/home/victor/.pico-sdk/sdk/2.2.0/src/rp2_common/pico_platform_common/common.c.o
LOAD CMakeFiles/pico_sysmon_device.dir/home/victor/.pico-sdk/sdk/2.2.0/src/rp2_common/pico_platform_panic/panic.c.o
LOAD CMakeFiles/pico_sysmon_device.dir/home/victor/.pico-sdk/sdk/2.2.0/src/common/hardware_claim/claim.c.o
LOAD CMakeFiles/pico_sysmon_device.dir/home/victor/.pico-sdk/sdk/2.2.0/src/rp2_common/hardware_sync/sync.c.o
LOAD CMakeFiles/pico_sysmon_device.dir/home/victor/.pico-sdk/sdk/2.2.0/src/rp2_common/hardware_sync_spin_lock/sync_spin_lock.c.o
LOAD CMakeFiles/pico_sysmon_device.dir/home/victor/.pico-sdk/sdk/2.2.0/src/rp2_common/hardware_irq/irq.c.o
LOAD CMakeFiles/pico_sysmon_device.dir/home/victor/.pico-sdk/sdk/2.2.0/src/rp2_common/hardware_irq/irq_handler_chain.S.o
LOAD CMakeFiles/pico_sysmon_device.dir/home/victor/.pico-sdk/sdk/2.2.0/src/common/pico_sync/sem.c.o
LOAD CMakeFiles/pico_sysmon_device.dir/home/victor/.pico-sdk/sdk/2.2.0/src/common/pico_sync/lock_core.c.o
LOAD CMakeFiles/pico_sysmon_device.dir/home/victor/.pico-sdk/sdk/2.2.0/src/common/pico_sync/mutex.c.o
LOAD CMakeFiles/pico_sysmon_device.dir/home/victor/.pico-sdk/sdk/2.2.0/src/common/pico_sync/critical_section.c.o
LOAD CMakeFiles/pico_sysmon_device.dir/home/victor/.pico-sdk/sdk/2.2.0/src/common/pico_time/time.c.o
LOAD CMakeFiles/pico_sysmon_device.dir/home/victor/.pico-sdk/sdk/2.2.0/src/common/pico_time/timeout_helper.c.o
LOAD CMakeFiles/pico_sysmon_device.dir/home/victor/.pico-sdk/sdk/2.2.0/src/rp2_common/hardware_timer/timer.c.o
LOAD CMakeFiles/pico_sysmon_device.dir/home/victor/.pico-sdk/sdk/2.2.0/src/common/pico_util/datetime.c.o
LOAD CMakeFiles/pico_sysmon_device.dir/home/victor/.pico-sdk/sdk/2.2.0/src/common/pico_util/pheap.c.o
LOAD CMakeFiles/pico_sysmon_device.dir/home/victor/.pico-sdk/sdk/2.2.0/src/common/pico_util/queue.c.o
LOAD CMakeFiles/pico_sysmon_device.dir/home/victor/.pico-sdk/sdk/2.2.0/src/rp2_common/hardware_uart/uart.c.o
LOAD CMakeFiles/pico_sysmon_device.dir/home/victor/.pico-sdk/sdk/2.2.0/src/rp2_common/hardware_clocks/clocks.c.o
LOAD CMakeFiles/pico_sysmon_device.dir/home/victor/.pico-sdk/sdk/2.2.0/src/rp2_common/hardware_pll/pll.c.o
LOAD CMakeFiles/pico_sysmon_device.dir/home/victor/.pico-sdk/sdk/2.2.0/src/rp2_common/hardware_vreg/vreg.c.o
LOAD CMakeFiles/pico_sysmon_device.dir/home/victor/.pico-sdk/sdk/2.2.0/src/rp2_common/hardware_watchdog/watchdog.c.o
LOAD CMakeFiles/pico_sysmon_device.dir/home/victor/.pico-sdk/sdk/2.2.0/src/rp2_common/hardware_ticks/ticks.c.o
LOAD CMakeFiles/pico_sysmon_device.dir/home/victor/.pico-sdk/sdk/2.2.0/src/rp2_common/pico_bootrom/bootrom.c.o
LOAD CMakeFiles/pico_sysmon_device.dir/home/victor/.pico-sdk/sdk/2.2.0/src/rp2_common/pico_bootrom/bootrom_lock.c.o
LOAD CMakeFiles/pico_sysmon_device.dir/home/victor/.pico-sdk/sdk/2.2.0/src/rp2_common/hardware_boot_lock/boot_lock.c.o
LOAD CMakeFiles/pico_sysmon_device.dir/home/victor/.pico-sdk/sdk/2.2.0/src/rp2_common/pico_flash/flash.c.o
LOAD CMakeFiles/pico_sysmon_device.dir/home/victor/.pico-sdk/sdk/2.2.0/src/rp2_common/hardware_xosc/xosc.c.o
LOAD CMakeFiles/pico_sysmon_device.dir/home/victor/.pico-sdk/sdk/2.2.0/src/rp2_common/hardware_divider/divider.c.o
LOAD CMakeFiles/pico_sysmon_device.dir/home/victor/.pico-sdk/sdk/2.2.0/src/rp2_common/pico_runtime/runtime.c.o
LOAD CMakeFiles/pico_sysmon_device.dir/home/victor/.pico-sdk/sdk/2.2.0/src/rp2_common/pico_runtime_init/runtime_init.c.o
LOAD CMakeFiles/pico_sysmon_device.dir/home/victor/.pico-sdk/sdk/2.2.0/src/rp2_common/pico_runtime_init/runtime_init_clocks.c.o
LOAD CMakeFiles/pico_sysmon_device.dir/home/victor/.pico-sdk/sdk/2.2.0/src/rp2_common/pico_runtime_init/runtime_init_stack_guard.c.o
LOAD CMakeFiles/pico_sysmon_device.dir/home/victor/.pico-sdk/sdk/2.2.0/src/rp2_common/pico_bit_ops/bit_ops_aeabi.S.o
LOAD CMakeFiles/pico_sysmon_device.dir/home/victor/.pico-sdk/sdk/2.2.0/src/rp2_common/pico_divider/divider_compiler.c.o
LOAD CMakeFiles/pico_sysmon_device.dir/home/victor/.pico-sdk/sdk/2.2.0/src/rp2_common/pico_double/double_math.c.o
LOAD CMakeFiles/pico_sysmon_device.dir/home/victor/.pico-sdk/sdk/2.2.0/src/rp2_common/pico_double/double_aeabi_dcp.S.o
LOAD CMakeFiles/pico_sysmon_device.dir/home/victor/.pico-sdk/sdk/2.2.0/src/rp2_common/pico_double/double_fma_dcp.S.o
LOAD CMakeFiles/pico_sysmon_device.dir/home/victor/.pico-sdk/sdk/2.2.0/src/rp2_common/pico_double/double_sci_m33.S.o
LOAD CMakeFiles/pico_sysmon_device.dir/home/victor/.pico-sdk/sdk/2.2.0/src/rp2_common/pico_double/double_conv_m33.S.o
LOAD CMakeFiles/pico_sysmon_device.dir/home/victor/.pico-sdk/sdk/2.2.0/src/rp2_common/pico_float/float_math.c.o
LOAD CMakeFiles/pico_sysmon_device.dir/home/victor/.pico-sdk/sdk/2.2.0/src/rp2_common/pico_float/float_conv32_vfp.S.o
LOAD CMakeFiles/pico_sysmon_device.dir/home/victor/.pico-sdk/sdk/2.2.0/src/rp2_common/pico_float/float_common_m33.S.o
LOAD CMakeFiles/pico_sysmon_device.dir/home/victor/.pico-sdk/sdk/2.2.0/src/rp2_common/pico_float/float_sci_m33_vfp.S.o
LOAD CMakeFiles/pico_sysmon_device.dir/home/victor/.pico-sdk/sdk/2.2.0/src/rp2_common/pico_malloc/malloc.c.o
LOAD CMakeFiles/pico_sysmon_device.dir/home/victor/.pico-sdk/sdk/2.2.0/src/rp2_common/pico_atomic/atomic.c.o
LOAD CMakeFiles/pico_sysmon_device.dir/home/victor/.pico-sdk/sdk/2.2.0/src/rp2_common/pico_cxx_options/new_delete.cpp.o
LOAD CMakeFiles/pico_sysmon_device.dir/home/victor/.pico-sdk/sdk/2.2.0/src/rp2_common/pico_standard_binary_info/standard_binary_info.c.o
LOAD CMakeFiles/pico_sysmon_device.dir/home/victor/.pico-sdk/sdk/2.2.0/src/rp2_common/pico_printf/printf.c.o
LOAD CMakeFiles/pico_sysmon_device.dir/home/victor/.pico-sdk/sdk/2.2.0/src/rp2_common/pico_crt0/crt0.S.o
LOAD CMakeFiles/pico_sysmon_device.dir/home/victor/.pico-sdk/sdk/2.2.0/src/rp2_common/pico_clib_interface/newlib_interface.c.o
LOAD CMakeFiles/pico_sysmon_device.dir/home/victor/.pico-sdk/sdk/2.2.0/src/rp2_common/pico_stdio/stdio.c.o
LOAD CMakeFiles/pico_sysmon_device.dir/home/victor/.pico-sdk/sdk/2.2.0/src/rp2_common/pico_stdio_uart/stdio_uart.c.o
LOAD CMakeFiles/pico_sysmon_device.dir/home/victor/.pico-sdk/sdk/2.2.0/lib/tinyusb/src/portable/raspberrypi/rp2040/dcd_rp2040.c.o
LOAD CMakeFiles/pico_sysmon_device.dir/home/victor/.pico-sdk/sdk/2.2.0/lib/tinyusb/src/portable/raspberrypi/rp2040/rp2040_usb.c.o
LOAD CMakeFiles/pico_sysmon_device.dir/home/victor/.pico-sdk/sdk/2.2.0/lib/tinyusb/src/device/usbd.c.o
LOAD CMakeFiles/pico_sysmon_device.dir/home/victor/.pico-sdk/sdk/2.2.0/lib/tinyusb/src/device/usbd_control.c.o
LOAD CMakeFiles/pico_sysmon_device.dir/home/victor/.pico-sdk/sdk/2.2.0/lib/tinyusb/src/class/audio/audio_device.c.o
LOAD CMakeFiles/pico_sysmon_device.dir/home/victor/.pico-sdk/sdk/2.2.0/lib/tinyusb/src/class/cdc/cdc_device.c.o
LOAD CMakeFiles/pico_sysmon_device.dir/home/victor/.pico-sdk/sdk/2.2.0/lib/tinyusb/src/class/dfu/dfu_device.c.o
LOAD CMakeFiles/pico_sysmon_device.dir/home/victor/.pico-sdk/sdk/2.2.0/lib/tinyusb/src/class/dfu/dfu_rt_device.c.o
LOAD CMakeFiles/pico_sysmon_device.dir/home/victor/.pico-sdk/sdk/2.2.0/lib/tinyusb/src/class/hid/hid_device.c.o
LOAD CMakeFiles/pico_sysmon_device.dir/home/victor/.pico-sdk/sdk/2.2.0/lib/tinyusb/src/class/midi/midi_device.c.o
LOAD CMakeFiles/pico_sysmon_device.dir/home/victor/.pico-sdk/sdk/2.2.0/lib/tinyusb/src/class/msc/msc_device.c.o
LOAD CMakeFiles/pico_sysmon_device.dir/home/victor/.pico-sdk/sdk/2.2.0/lib/tinyusb/src/class/net/ecm_rndis_device.c.o
LOAD CMakeFiles/pico_sysmon_device.dir/home/victor/.pico-sdk/sdk/2.2.0/lib/tinyusb/src/class/net/ncm_device.c.o
LOAD CMakeFiles/pico_sysmon_device.dir/home/victor/.pico-sdk/sdk/2.2.0/lib/tinyusb/src/class/usbtmc/usbtmc_device.c.o
LOAD CMakeFiles/pico_sysmon_device.dir/home/victor/.pico-sdk/sdk/2.2.0/lib/tinyusb/src/class/vendor/vendor_device.c.o
LOAD CMakeFiles/pico_sysmon_device.dir/home/victor/.pico-sdk/sdk/2.2.0/lib/tinyusb/src/class/video/video_device.c.o
LOAD CMakeFiles/pico_sysmon_device.dir/home/victor/.pico-sdk/sdk/2.2.0/lib/tinyusb/src/tusb.c.o
LOAD CMakeFiles/pico_sysmon_device.dir/home/victor/.pico-sdk/sdk/2.2.0/lib/tinyusb/src/common/tusb_fifo.c.o
LOAD CMakeFiles/pico_sysmon_device.dir/home/victor/.pico-sdk/sdk/2.2.0/src/rp2_common/pico_fix/rp2040_usb_device_enumeration/rp2040_usb_device_enumeration.c.o
LOAD CMakeFiles/pico_sysmon_device.dir/home/victor/.pico-sdk/sdk/2.2.0/lib/tinyusb/hw/bsp/rp2040/family.c.o
LOAD CMakeFiles/pico_sysmon_device.dir/home/victor/.pico-sdk/sdk/2.2.0/src/rp2_common/pico_unique_id/unique_id.c.o
LOAD CMakeFiles/pico_sysmon_device.dir/home/victor/.pico-sdk/sdk/2.2.0/src/rp2_common/hardware_flash/flash.c.o
LOAD CMakeFiles/pico_sysmon_device.dir/home/victor/.pico-sdk/sdk/2.2.0/src/rp2_common/hardware_xip_cache/xip_cache.c.o
LOAD pico-sdk/src/rp2350/boot_stage2/CMakeFiles/bs2_default_library.dir/bs2_default_padded_checksummed.S.o
LOAD /usr/lib/gcc/arm-none-eabi/13.2.1/../../../arm-none-eabi/lib/thumb/v8-m.main+fp/softfp/libstdc++.a
LOAD /usr/lib/gcc/arm-none-eabi/13.2.1/../../../arm-none-eabi/lib/thumb/v8-m.main+fp/softfp/libm.a
START GROUP
LOAD /usr/lib/gcc/arm-none-eabi/13.2.1/thumb/v8-m.main+fp/softfp/libgcc.a
LOAD /usr/lib/gcc/arm-none-eabi/13.2.1/../../../arm-none-eabi/lib/thumb/v8-m.main+fp/softfp/libg.a
LOAD /usr/lib/gcc/arm-none-eabi/13.2.1/../../../arm-none-eabi/lib/thumb/v8-m.main+fp/softfp/libc.a
END GROUP
START GROUP
LOAD /usr/lib/gcc/arm-none-eabi/13.2.1/thumb/v8-m.main+fp/softfp/libgcc.a
LOAD /usr/lib/gcc/arm-none-eabi/13.2.1/../../../arm-none-eabi/lib/thumb/v8-m.main+fp/softfp/libc.a
LOAD /usr/lib/gcc/arm-none-eabi/13.2.1/../../../arm-none-eabi/lib/thumb/v8-m.main+fp/softfp/libnosys.a
END GROUP
LOAD /usr/lib/gcc/arm-none-eabi/13.2.1/thumb/v8-m.main+fp/softfp/crtend.o
LOAD /usr/lib/gcc/arm-none-eabi/13.2.1/thumb/v8-m.main+fp/softfp/crtn.o
OUTPUT(pico_sysmon_device.elf elf32-littlearm)
LOAD linker stubs

.rel.dyn        0x10004b10        0x0
 .rel.iplt      0x10004b10        0x0 /usr/lib/gcc/arm-none-eabi/13.2.1/thumb/v8-m.main+fp/softfp/crtbegin.o

.ARM.attributes
                0x00000000       0x34
 .ARM.attributes
                0x00000000       0x26 /usr/lib/gcc/arm-none-eabi/13.2.1/thumb/v8-m.main+fp/softfp/crti.o
 .ARM.attributes
                0x00000026       0x36 /usr/lib/gcc/arm-none-eabi/13.2.1/thumb/v8-m.main+fp/softfp/crtbegin.o
 .ARM.attributes
                0x0000005c       0x38 CMakeFiles/pico_sysmon_device.dir/main.c.o
 .ARM.attributes
                0x00000094       0x38 CMakeFiles/pico_sysmon_device.dir/usb_descriptors.c.o
 .ARM.attributes
                0x000000cc       0x38 CMakeFiles/pico_sysmon_device.dir/home/victor/.pico-sdk/sdk/2.2.0/src/rp2_common/hardware_gpio/gpio.c.o
 .ARM.attributes
                0x00000104       0x38 CMakeFiles/pico_sysmon_device.dir/home/victor/.pico-sdk/sdk/2.2.0/src/rp2_common/pico_platform_panic/panic.c.o
 .ARM.attributes
                0x0000013c       0x38 CMakeFiles/pico_sysmon_device.dir/home/victor/.pico-sdk/sdk/2.2.0/src/common/hardware_claim/claim.c.o
 .ARM.attributes
                0x00000174       0x38 CMakeFiles/pico_sysmon_device.dir/home/victor/.pico-sdk/sdk/2.2.0/src/rp2_common/hardware_sync/sync.c.o
 .ARM.attributes
                0x000001ac       0x38 CMakeFiles/pico_sysmon_device.dir/home/victor/.pico-sdk/sdk/2.2.0/src/rp2_common/hardware_sync_spin_lock/sync_spin_lock.c.o
 .ARM.attributes
                0x000001e4       0x38 CMakeFiles/pico_sysmon_device.dir/home/victor/.pico-sdk/sdk/2.2.0/src/rp2_common/hardware_irq/irq.c.o
 .ARM.attributes
                0x0000021c       0x28 CMakeFiles/pico_sysmon_device.dir/home/victor/.pico-sdk/sdk/2.2.0/src/rp2_common/hardware_irq/irq_handler_chain.S.o
 .ARM.attributes
                0x00000244       0x38 CMakeFiles/pico_sysmon_device.dir/home/victor/.pico-sdk/sdk/2.2.0/src/common/pico_sync/lock_core.c.o
 .ARM.attributes
                0x0000027c       0x38 CMakeFiles/pico_sysmon_device.dir/home/victor/.pico-sdk/sdk/2.2.0/src/common/pico_sync/mutex.c.o
 .ARM.attributes
                0x000002b4       0x38 CMakeFiles/pico_sysmon_device.dir/home/victor/.pico-sdk/sdk/2.2.0/src/common/pico_sync/critical_section.c.o
 .ARM.attributes
                0x000002ec       0x38 CMakeFiles/pico_sysmon_device.dir/home/victor/.pico-sdk/sdk/2.2.0/src/common/pico_time/time.c.o
 .ARM.attributes
                0x00000324       0x38 CMakeFiles/pico_sysmon_device.dir/home/victor/.pico-sdk/sdk/2.2.0/src/rp2_common/hardware_timer/timer.c.o
 .ARM.attributes
                0x0000035c       0x38 CMakeFiles/pico_sysmon_device.dir/home/victor/.pico-sdk/sdk/2.2.0/src/rp2_common/hardware_uart/uart.c.o
 .ARM.attributes
                0x00000394       0x38 CMakeFiles/pico_sysmon_device.dir/home/victor/.pico-sdk/sdk/2.2.0/src/rp2_common/hardware_clocks/clocks.c.o
 .ARM.attributes
                0x000003cc       0x38 CMakeFiles/pico_sysmon_device.dir/home/victor/.pico-sdk/sdk/2.2.0/src/rp2_common/hardware_pll/pll.c.o
 .ARM.attributes
                0x00000404       0x38 CMakeFiles/pico_sysmon_device.dir/home/victor/.pico-sdk/sdk/2.2.0/src/rp2_common/hardware_ticks/ticks.c.o
 .ARM.attributes
                0x0000043c       0x38 CMakeFiles/pico_sysmon_device.dir/home/victor/.pico-sdk/sdk/2.2.0/src/rp2_common/pico_bootrom/bootrom.c.o
 .ARM.attributes
                0x00000474       0x38 CMakeFiles/pico_sysmon_device.dir/home/victor/.pico-sdk/sdk/2.2.0/src/rp2_common/pico_bootrom/bootrom_lock.c.o
 .ARM.attributes
                0x000004ac       0x38 CMakeFiles/pico_sysmon_device.dir/home/victor/.pico-sdk/sdk/2.2.0/src/rp2_common/hardware_boot_lock/boot_lock.c.o
 .ARM.attributes
                0x000004e4       0x38 CMakeFiles/pico_sysmon_device.dir/home/victor/.pico-sdk/sdk/2.2.0/src/rp2_common/hardware_xosc/xosc.c.o
 .ARM.attributes
                0x0000051c       0x38 CMakeFiles/pico_sysmon_device.dir/home/victor/.pico-sdk/sdk/2.2.0/src/rp2_common/pico_runtime/runtime.c.o
 .ARM.attributes
                0x00000554       0x38 CMakeFiles/pico_sysmon_device.dir/home/victor/.pico-sdk/sdk/2.2.0/src/rp2_common/pico_runtime_init/runtime_init.c.o
 .ARM.attributes
                0x0000058c       0x38 CMakeFiles/pico_sysmon_device.dir/home/victor/.pico-sdk/sdk/2.2.0/src/rp2_common/pico_runtime_init/runtime_init_clocks.c.o
 .ARM.attributes
                0x000005c4       0x38 CMakeFiles/pico_sysmon_device.dir/home/victor/.pico-sdk/sdk/2.2.0/src/rp2_common/pico_standard_binary_info/standard_binary_info.c.o
 .ARM.attributes
                0x000005fc       0x38 CMakeFiles/pico_sysmon_device.dir/home/victor/.pico-sdk/sdk/2.2.0/src/rp2_common/pico_printf/printf.c.o
 .ARM.attributes
                0x00000634       0x28 CMakeFiles/pico_sysmon_device.dir/home/victor/.pico-sdk/sdk/2.2.0/src/rp2_common/pico_crt0/crt0.S.o
 .ARM.attributes
                0x0000065c       0x38 CMakeFiles/pico_sysmon_device.dir/home/victor/.pico-sdk/sdk/2.2.0/src/rp2_common/pico_clib_interface/newlib_interface.c.o
 .ARM.attributes
                0x00000694       0x38 CMakeFiles/pico_sysmon_device.dir/home/victor/.pico-sdk/sdk/2.2.0/src/rp2_common/pico_stdio/stdio.c.o
 .ARM.attributes
                0x000006cc       0x38 CMakeFiles/pico_sysmon_device.dir/home/victor/.pico-sdk/sdk/2.2.0/src/rp2_common/pico_stdio_uart/stdio_uart.c.o
 .ARM.attributes
                0x00000704       0x38 CMakeFiles/pico_sysmon_device.dir/home/victor/.pico-sdk/sdk/2.2.0/lib/tinyusb/src/portable/raspberrypi/rp2040/dcd_rp2040.c.o
 .ARM.attributes
                0x0000073c       0x38 CMakeFiles/pico_sysmon_device.dir/home/victor/.pico-sdk/sdk/2.2.0/lib/tinyusb/src/portable/raspberrypi/rp2040/rp2040_usb.c.o
 .ARM.attributes
                0x00000774       0x38 CMakeFiles/pico_sysmon_device.dir/home/victor/.pico-sdk/sdk/2.2.0/lib/tinyusb/src/device/usbd.c.o
 .ARM.attributes
                0x000007ac       0x38 CMakeFiles/pico_sysmon_device.dir/home/victor/.pico-sdk/sdk/2.2.0/lib/tinyusb/src/device/usbd_control.c.o
 .ARM.attributes
                0x000007e4       0x38 CMakeFiles/pico_sysmon_device.dir/home/victor/.pico-sdk/sdk/2.2.0/lib/tinyusb/src/class/vendor/vendor_device.c.o
 .ARM.attributes
                0x0000081c       0x38 CMakeFiles/pico_sysmon_device.dir/home/victor/.pico-sdk/sdk/2.2.0/lib/tinyusb/src/tusb.c.o
 .ARM.attributes
                0x00000854       0x38 CMakeFiles/pico_sysmon_device.dir/home/victor/.pico-sdk/sdk/2.2.0/lib/tinyusb/src/common/tusb_fifo.c.o
 .ARM.attributes
                0x0000088c       0x38 CMakeFiles/pico_sysmon_device.dir/home/victor/.pico-sdk/sdk/2.2.0/lib/tinyusb/hw/bsp/rp2040/family.c.o
 .ARM.attributes
                0x000008c4       0x38 CMakeFiles/pico_sysmon_device.dir/home/victor/.pico-sdk/sdk/2.2.0/src/rp2_common/pico_unique_id/unique_id.c.o
 .ARM.attributes
                0x000008fc       0x36 /usr/lib/gcc/arm-none-eabi/13.2.1/../../../arm-none-eabi/lib/thumb/v8-m.main+fp/softfp/libg.a(libc_a-memset.o)
 .ARM.attributes
                0x00000932       0x24 /usr/lib/gcc/arm-none-eabi/13.2.1/../../../arm-none-eabi/lib/thumb/v8-m.main+fp/softfp/libg.a(libc_a-memcpy.o)
 .ARM.attributes
                0x00000956       0x36 /usr/lib/gcc/arm-none-eabi/13.2.1/../../../arm-none-eabi/lib/thumb/v8-m.main+fp/softfp/libg.a(libc_a-atexit.o)
 .ARM.attributes
                0x0000098c       0x36 /usr/lib/gcc/arm-none-eabi/13.2.1/../../../arm-none-eabi/lib/thumb/v8-m.main+fp/softfp/libg.a(libc_a-strlen-stub.o)
 .ARM.attributes
                0x000009c2       0x36 /usr/lib/gcc/arm-none-eabi/13.2.1/../../../arm-none-eabi/lib/thumb/v8-m.main+fp/softfp/libg.a(libc_a-fini.o)
 .ARM.attributes
                0x000009f8       0x36 /usr/lib/gcc/arm-none-eabi/13.2.1/../../../arm-none-eabi/lib/thumb/v8-m.main+fp/softfp/libg.a(libc_a-__atexit.o)
 .ARM.attributes
                0x00000a2e       0x36 /usr/lib/gcc/arm-none-eabi/13.2.1/../../../arm-none-eabi/lib/thumb/v8-m.main+fp/softfp/libg.a(libc_a-__call_atexit.o)
 .ARM.attributes
                0x00000a64       0x36 /usr/lib/gcc/arm-none-eabi/13.2.1/thumb/v8-m.main+fp/softfp/crtend.o

.comment        0x00000000       0x26
 .comment       0x00000000       0x26 /usr/lib/gcc/arm-none-eabi/13.2.1/thumb/v8-m.main+fp/softfp/crtbegin.o
                                 0x27 (size before relaxing)
 .comment       0x00000026       0x27 CMakeFiles/pico_sysmon_device.dir/main.c.o
 .comment       0x00000026       0x27 CMakeFiles/pico_sysmon_device.dir/usb_descriptors.c.o
 .comment       0x00000026       0x27 CMakeFiles/pico_sysmon_device.dir/home/victor/.pico-sdk/sdk/2.2.0/src/rp2_common/hardware_gpio/gpio.c.o
 .comment       0x00000026       0x27 CMakeFiles/pico_sysmon_device.dir/home/victor/.pico-sdk/sdk/2.2.0/src/rp2_common/pico_platform_panic/panic.c.o
 .comment       0x00000026       0x27 CMakeFiles/pico_sysmon_device.dir/home/victor/.pico-sdk/sdk/2.2.0/src/common/hardware_claim/claim.c.o
 .comment       0x00000026       0x27 CMakeFiles/pico_sysmon_device.dir/home/victor/.pico-sdk/sdk/2.2.0/src/rp2_common/hardware_sync/sync.c.o
 .comment       0x00000026       0x27 CMakeFiles/pico_sysmon_device.dir/home/victor/.pico-sdk/sdk/2.2.0/src/rp2_common/hardware_sync_spin_lock/sync_spin_lock.c.o
 .comment       0x00000026       0x27 CMakeFiles/pico_sysmon_device.dir/home/victor/.pico-sdk/sdk/2.2.0/src/rp2_common/hardware_irq/irq.c.o
 .comment       0x00000026       0x27 CMakeFiles/pico_sysmon_device.dir/home/victor/.pico-sdk/sdk/2.2.0/src/common/pico_sync/lock_core.c.o
 .comment       0x00000026       0x27 CMakeFiles/pico_sysmon_device.dir/home/victor/.pico-sdk/sdk/2.2.0/src/common/pico_sync/mutex.c.o
 .comment       0x00000026       0x27 CMakeFiles/pico_sysmon_device.dir/home/victor/.pico-sdk/sdk/2.2.0/src/common/pico_sync/critical_section.c.o
 .comment       0x00000026       0x27 CMakeFiles/pico_sysmon_device.dir/home/victor/.pico-sdk/sdk/2.2.0/src/common/pico_time/time.c.o
 .comment       0x00000026       0x27 CMakeFiles/pico_sysmon_device.dir/home/victor/.pico-sdk/sdk/2.2.0/src/rp2_common/hardware_timer/timer.c.o
 .comment       0x00000026       0x27 CMakeFiles/pico_sysmon_device.dir/home/victor/.pico-sdk/sdk/2.2.0/src/rp2_common/hardware_uart/uart.c.o
 .comment       0x00000026       0x27 CMakeFiles/pico_sysmon_device.dir/home/victor/.pico-sdk/sdk/2.2.0/src/rp2_common/hardware_clocks/clocks.c.o
 .comment       0x00000026       0x27 CMakeFiles/pico_sysmon_device.dir/home/victor/.pico-sdk/sdk/2.2.0/src/rp2_common/hardware_pll/pll.c.o
 .comment       0x00000026       0x27 CMakeFiles/pico_sysmon_device.dir/home/victor/.pico-sdk/sdk/2.2.0/src/rp2_common/hardware_ticks/ticks.c.o
 .comment       0x00000026       0x27 CMakeFiles/pico_sysmon_device.dir/home/victor/.pico-sdk/sdk/2.2.0/src/rp2_common/pico_bootrom/bootrom.c.o
 .comment       0x00000026       0x27 CMakeFiles/pico_sysmon_device.dir/home/victor/.pico-sdk/sdk/2.2.0/src/rp2_common/pico_bootrom/bootrom_lock.c.o
 .comment       0x00000026       0x27 CMakeFiles/pico_sysmon_device.dir/home/victor/.pico-sdk/sdk/2.2.0/src/rp2_common/hardware_boot_lock/boot_lock.c.o
 .comment       0x00000026       0x27 CMakeFiles/pico_sysmon_device.dir/home/victor/.pico-sdk/sdk/2.2.0/src/rp2_common/hardware_xosc/xosc.c.o
 .comment       0x00000026       0x27 CMakeFiles/pico_sysmon_device.dir/home/victor/.pico-sdk/sdk/2.2.0/src/rp2_common/pico_runtime/runtime.c.o
 .comment       0x00000026       0x27 CMakeFiles/pico_sysmon_device.dir/home/victor/.pico-sdk/sdk/2.2.0/src/rp2_common/pico_runtime_init/runtime_init.c.o
 .comment       0x00000026       0x27 CMakeFiles/pico_sysmon_device.dir/home/victor/.pico-sdk/sdk/2.2.0/src/rp2_common/pico_runtime_init/runtime_init_clocks.c.o
 .comment       0x00000026       0x27 CMakeFiles/pico_sysmon_device.dir/home/victor/.pico-sdk/sdk/2.2.0/src/rp2_common/pico_standard_binary_info/standard_binary_info.c.o
 .comment       0x00000026       0x27 CMakeFiles/pico_sysmon_device.dir/home/victor/.pico-sdk/sdk/2.2.0/src/rp2_common/pico_printf/printf.c.o
 .comment       0x00000026       0x27 CMakeFiles/pico_sysmon_device.dir/home/victor/.pico-sdk/sdk/2.2.0/src/rp2_common/pico_clib_interface/newlib_interface.c.o
 .comment       0x00000026       0x27 CMakeFiles/pico_sysmon_device.dir/home/victor/.pico-sdk/sdk/2.2.0/src/rp2_common/pico_stdio/stdio.c.o
 .comment       0x00000026       0x27 CMakeFiles/pico_sysmon_device.dir/home/victor/.pico-sdk/sdk/2.2.0/src/rp2_common/pico_stdio_uart/stdio_uart.c.o